<html>
<body>
<pre>
<h1>µVision Build Log</h1>
<h2>Tool Versions:</h2>
IDE-Version: ¦ÌVision V5.24.2.0
Copyright (C) 2017 ARM Ltd and ARM Germany GmbH. All rights reserved.
License Information: fu bc, hw, LIC=----
 
Tool Versions:
Toolchain:       MDK-ARM Plus  Version: 5.24.1
Toolchain Path:  C:\Keil_v5\ARM\ARMCC\Bin
C Compiler:      Armcc.exe V5.06 update 5 (build 528)
Assembler:       Armasm.exe V5.06 update 5 (build 528)
Linker/Locator:  ArmLink.exe V5.06 update 5 (build 528)
Library Manager: ArmAr.exe V5.06 update 5 (build 528)
Hex Converter:   FromElf.exe V5.06 update 5 (build 528)
CPU DLL:         SARMCM3.DLL V5.24.1
Dialog DLL:      DCM.DLL V1.16.0.0
Target DLL:      CMSIS_AGDI.dll V1.28.3.0
Dialog DLL:      TCM.DLL V1.32.0.0
 
<h2>Project:</h2>
D:\fubaicheng\liteos\code\master\IoT2.0\Huawei_LiteOS\targets\STM32F429IGTX_FIRE\MDK-ARM\Huawei_LiteOS.uvprojx
Project File Date:  03/20/2018

<h2>Output:</h2>
*** Using Compiler 'V5.06 update 5 (build 528)', folder: 'C:\Keil_v5\ARM\ARMCC\Bin'
Build target 'HuaweiLiteOS'
assembling los_startup_keil.s...
compiling system_stm32f4xx.c...
compiling stm32f4xx_it.c...
compiling dwt.c...
compiling bsp_key.c...
compiling main.c...
compiling bsp_led.c...
compiling bsp_debug_usart.c...
compiling misc.c...
compiling LAN8742A.c...
compiling stm32f429_eth.c...
compiling stm32f4xx_adc.c...
compiling stm32f4xx_can.c...
compiling stm32f4xx_cec.c...
compiling stm32f4xx_crc.c...
compiling stm32f4xx_cryp.c...
compiling stm32f4xx_cryp_des.c...
compiling stm32f4xx_cryp_tdes.c...
compiling stm32f4xx_cryp_aes.c...
compiling stm32f4xx_dbgmcu.c...
compiling stm32f4xx_dac.c...
compiling stm32f4xx_dcmi.c...
compiling stm32f4xx_exti.c...
compiling stm32f4xx_dma.c...
compiling stm32f4xx_dma2d.c...
compiling stm32f4xx_flash_ramfunc.c...
compiling stm32f4xx_flash.c...
compiling stm32f4xx_fmc.c...
compiling stm32f4xx_fmpi2c.c...
compiling stm32f4xx_gpio.c...
compiling stm32f4xx_hash.c...
compiling stm32f4xx_hash_md5.c...
compiling stm32f4xx_hash_sha1.c...
compiling stm32f4xx_i2c.c...
compiling stm32f4xx_iwdg.c...
compiling stm32f4xx_pwr.c...
compiling stm32f4xx_ltdc.c...
compiling stm32f4xx_qspi.c...
compiling stm32f4xx_rng.c...
compiling stm32f4xx_rcc.c...
compiling stm32f4xx_sai.c...
compiling stm32f4xx_sdio.c...
compiling stm32f4xx_rtc.c...
compiling stm32f4xx_spdifrx.c...
compiling stm32f4xx_syscfg.c...
compiling stm32f4xx_spi.c...
compiling stm32f4xx_usart.c...
compiling stm32f4xx_wwdg.c...
compiling stm32f4xx_tim.c...
compiling los_priqueue.c...
compiling los_swtmr.c...
compiling cmsis_liteos.c...
compiling los_sys.c...
compiling los_tick.c...
compiling los_task.c...
compiling los_timeslice.c...
compiling los_event.c...
compiling los_mux.c...
compiling los_queue.c...
compiling los_heap.c...
compiling los_sem.c...
compiling los_membox.c...
compiling los_memory.c...
compiling los_memcheck.c...
compiling los_slab.c...
compiling los_slabmem.c...
compiling los_misc.c...
compiling los_err.c...
compiling los_init.c...
compiling los_hw.c...
assembling los_dispatch_keil.s...
compiling los_hw_tick.c...
compiling los_hwi.c...
compiling ethernetif.c...
compiling sys_arch.c...
compiling api_lib.c...
compiling api_msg.c...
compiling err.c...
compiling netbuf.c...
compiling netifapi.c...
compiling netdb.c...
compiling sockets.c...
compiling autoip.c...
compiling tcpip.c...
compiling icmp.c...
compiling dhcp.c...
compiling etharp.c...
compiling igmp.c...
compiling ip4_addr.c...
compiling ip4.c...
compiling def.c...
compiling ip4_frag.c...
compiling dns.c...
compiling inet_chksum.c...
compiling ip.c...
compiling init.c...
compiling mem.c...
compiling netif.c...
compiling memp.c...
compiling pbuf.c...
compiling stats.c...
compiling raw.c...
compiling sys.c...
compiling tcp.c...
compiling tcp_in.c...
compiling tcp_out.c...
compiling ethernet.c...
compiling udp.c...
compiling timeouts.c...
compiling block1.c...
compiling bootstrap.c...
compiling er-coap-13.c...
compiling json.c...
compiling discover.c...
compiling data.c...
compiling management.c...
compiling list.c...
compiling liblwm2m.c...
compiling packet.c...
compiling objects.c...
compiling observe.c...
compiling transaction.c...
compiling registration.c...
compiling tlv.c...
compiling utils.c...
compiling uri.c...
compiling connection.c...
compiling object_access_control.c...
compiling platform.c...
compiling lwm2mclient.c...
compiling object_connectivity_stat.c...
compiling object_connectivity_moni.c...
compiling object_device.c...
compiling object_firmware.c...
compiling object_location.c...
compiling object_security.c...
compiling object_server.c...
compiling system_api.c...
compiling test_object.c...
compiling platform_object.c...
compiling commandline.c...
compiling aesni.c...
compiling arc4.c...
compiling aes.c...
compiling asn1write.c...
compiling asn1parse.c...
compiling dtls_conn.c...
compiling bignum.c...
compiling base64.c...
compiling blowfish.c...
compiling camellia.c...
compiling certs.c...
compiling ccm.c...
compiling cipher.c...
compiling cipher_wrap.c...
compiling cmac.c...
compiling des.c...
compiling ctr_drbg.c...
compiling dhm.c...
compiling ecdh.c...
compiling ecjpake.c...
compiling ecdsa.c...
compiling ecp.c...
compiling ecp_curves.c...
compiling entropy_poll.c...
compiling entropy.c...
compiling gcm.c...
compiling havege.c...
compiling error.c...
compiling hmac_drbg.c...
compiling debug.c...
compiling md.c...
compiling md_wrap.c...
compiling md5.c...
compiling md2.c...
compiling md4.c...
compiling memory_buffer_alloc.c...
compiling oid.c...
compiling padlock.c...
compiling pem.c...
compiling pk.c...
compiling pk_wrap.c...
compiling pkcs5.c...
compiling pkcs11.c...
compiling pkcs12.c...
compiling pkwrite.c...
compiling pkparse.c...
compiling ripemd160.c...
compiling rsa.c...
compiling net_sockets.c...
compiling sha1.c...
compiling sha256.c...
compiling sha512.c...
compiling platform.c...
compiling ssl_cache.c...
compiling ssl_cookie.c...
compiling ssl_ciphersuites.c...
compiling ssl_ticket.c...
compiling ssl_srv.c...
compiling threading.c...
compiling ssl_cli.c...
compiling version.c...
compiling version_features.c...
compiling x509.c...
compiling x509_create.c...
compiling x509_crl.c...
compiling x509_crt.c...
compiling x509_csr.c...
compiling timing.c...
compiling x509write_crt.c...
compiling x509write_csr.c...
compiling xtea.c...
compiling ssl_tls.c...
compiling entropy_hardware_poll.c...
compiling dtls_interface.c...
linking...
Program Size: Code=145308 RO-data=3424 RW-data=1652 ZI-data=176524  
".\Objects\Huawei_LiteOS.axf" - 0 Error(s), 0 Warning(s).

<h2>Software Packages used:</h2>

Package Vendor: ARM
                http://www.keil.com/pack/ARM.CMSIS.5.0.1.pack
                ARM.CMSIS.5.0.1
                CMSIS (Cortex Microcontroller Software Interface Standard)
   * Component: CORE Version: 5.0.1

Package Vendor: Keil
                http://www.keil.com/pack/Keil.STM32F4xx_DFP.2.11.0.pack
                Keil.STM32F4xx_DFP.2.11.0
                STMicroelectronics STM32F4 Series Device Support, Drivers and Examples

<h2>Collection of Component include folders:</h2>
  .\RTE\_HuaweiLiteOS
  C:\Keil_v5\ARM\PACK\ARM\CMSIS\5.0.1\CMSIS\Include
  C:\Keil_v5\ARM\PACK\Keil\STM32F4xx_DFP\2.11.0\Drivers\CMSIS\Device\ST\STM32F4xx\Include

<h2>Collection of Component Files used:</h2>

   * Component: ARM::CMSIS:CORE:5.0.1
Build Time Elapsed:  00:01:57
</pre>
</body>
</html>
