<html>
<body>
<pre>
<h1>µVision Build Log</h1>
<h2>Tool Versions:</h2>
IDE-Version: ¦ÌVision V5.24.2.0
Copyright (C) 2017 ARM Ltd and ARM Germany GmbH. All rights reserved.
License Information: fu bc, hw, LIC=FYKNN-YFGG7-T3FMI-TCWGP-DAAN0-KBDNQ
 
Tool Versions:
Toolchain:       MDK-ARM Plus  Version: 5.24.1
Toolchain Path:  C:\Keil_v5\ARM\ARMCC\Bin
C Compiler:      Armcc.exe V5.06 update 5 (build 528)
Assembler:       Armasm.exe V5.06 update 5 (build 528)
Linker/Locator:  ArmLink.exe V5.06 update 5 (build 528)
Library Manager: ArmAr.exe V5.06 update 5 (build 528)
Hex Converter:   FromElf.exe V5.06 update 5 (build 528)
CPU DLL:         SARMCM3.DLL V5.24.1
Dialog DLL:      DCM.DLL V1.16.0.0
Target DLL:      CMSIS_AGDI.dll V1.28.3.0
Dialog DLL:      TCM.DLL V1.32.0.0
 
<h2>Project:</h2>
D:\fubaicheng\liteos\code\master\IoT2.0\Huawei_LiteOS\targets\STM32F429IGTX_FIRE\MDK-ARM\Huawei_LiteOS.uvprojx
Project File Date:  03/29/2018

<h2>Output:</h2>
*** Using Compiler 'V5.06 update 5 (build 528)', folder: 'C:\Keil_v5\ARM\ARMCC\Bin'
Build target 'HuaweiLiteOS'
compiling bootstrap.c...
compiling block1.c...
compiling data.c...
compiling json.c...
compiling discover.c...
compiling liblwm2m.c...
compiling list.c...
compiling management.c...
compiling observe.c...
compiling packet.c...
compiling objects.c...
compiling transaction.c...
compiling registration.c...
compiling tlv.c...
compiling uri.c...
compiling utils.c...
compiling atiny_log.c...
compiling agenttiny.c...
compiling object_access_control.c...
compiling object_connectivity_moni.c...
compiling object_connectivity_stat.c...
compiling object_firmware.c...
compiling lwm2mclient.c...
compiling object_security.c...
compiling object_device.c...
compiling object_location.c...
compiling system_api.c...
compiling object_server.c...
compiling platform_adapter.c...
compiling commandline.c...
compiling atiny_rpt.c...
compiling connection.c...
compiling agent_tiny_example.c...
compiling object_app.c...
compiling er-coap-13.c...
compiling atiny_socket.c...
compiling agent_tiny_test1.c...
linking...
Program Size: Code=192256 RO-data=14668 RW-data=1764 ZI-data=193032  
".\Objects\Huawei_LiteOS.axf" - 0 Error(s), 0 Warning(s).

<h2>Software Packages used:</h2>

Package Vendor: ARM
                http://www.keil.com/pack/ARM.CMSIS.5.0.1.pack
                ARM.CMSIS.5.0.1
                CMSIS (Cortex Microcontroller Software Interface Standard)
   * Component: CORE Version: 5.0.1

Package Vendor: Keil
                http://www.keil.com/pack/Keil.STM32F4xx_DFP.2.11.0.pack
                Keil.STM32F4xx_DFP.2.11.0
                STMicroelectronics STM32F4 Series Device Support, Drivers and Examples

<h2>Collection of Component include folders:</h2>
  .\RTE\_HuaweiLiteOS
  C:\Keil_v5\ARM\PACK\ARM\CMSIS\5.0.1\CMSIS\Include
  C:\Keil_v5\ARM\PACK\Keil\STM32F4xx_DFP\2.11.0\Drivers\CMSIS\Device\ST\STM32F4xx\Include

<h2>Collection of Component Files used:</h2>

   * Component: ARM::CMSIS:CORE:5.0.1
Build Time Elapsed:  00:00:11
</pre>
</body>
</html>
