Component: ARM Compiler 5.06 update 5 (build 528) Tool: armlink [4d35e2]

==============================================================================

Section Cross References

    los_startup_keil.o(RESET) refers (Special) to los_dispatch_keil.o(.text) for osPendSV
    los_startup_keil.o(RESET) refers to system_stm32f4xx.o(i.SystemInit) for SystemInit
    los_startup_keil.o(RESET) refers to entry.o(.ARM.Collect$$$$00000000) for __main
    main.o(i.TIM3_Config) refers to stm32f4xx_rcc.o(i.RCC_APB1PeriphClockCmd) for RCC_APB1PeriphClockCmd
    main.o(i.TIM3_Config) refers to stm32f4xx_tim.o(i.TIM_TimeBaseInit) for TIM_TimeBaseInit
    main.o(i.TIM3_Config) refers to stm32f4xx_tim.o(i.TIM_ITConfig) for TIM_ITConfig
    main.o(i.TIM3_Config) refers to stm32f4xx_tim.o(i.TIM_Cmd) for TIM_Cmd
    main.o(i.TIM3_Config) refers to misc.o(i.NVIC_Init) for NVIC_Init
    main.o(i.TIM3_IRQHandler) refers to stm32f4xx_tim.o(i.TIM_GetITStatus) for TIM_GetITStatus
    main.o(i.TIM3_IRQHandler) refers to stm32f4xx_tim.o(i.TIM_ClearITPendingBit) for TIM_ClearITPendingBit
    main.o(i.TIM3_IRQHandler) refers to main.o(.data) for LocalTime
    main.o(i.creat_task1) refers to los_task.o(i.LOS_TaskCreate) for LOS_TaskCreate
    main.o(i.creat_task1) refers to main.o(i.task1) for task1
    main.o(i.creat_task1) refers to main.o(.data) for g_TskHandle
    main.o(i.creat_task2) refers to los_task.o(i.LOS_TaskCreate) for LOS_TaskCreate
    main.o(i.creat_task2) refers to main.o(i.task2) for task2
    main.o(i.creat_task2) refers to main.o(.data) for g_TskHandle
    main.o(i.hardware_init) refers to bsp_led.o(i.LED_GPIO_Config) for LED_GPIO_Config
    main.o(i.hardware_init) refers to bsp_key.o(i.Key1_GPIO_Config) for Key1_GPIO_Config
    main.o(i.hardware_init) refers to bsp_key.o(i.Key2_GPIO_Config) for Key2_GPIO_Config
    main.o(i.hardware_init) refers to bsp_key.o(i.KeyCreate) for KeyCreate
    main.o(i.hardware_init) refers to bsp_debug_usart.o(i.Debug_USART_Config) for Debug_USART_Config
    main.o(i.hardware_init) refers to dwt.o(i.DelayInit) for DelayInit
    main.o(i.hardware_init) refers to los_hwi.o(i.LOS_HwiCreate) for LOS_HwiCreate
    main.o(i.hardware_init) refers to main.o(i.TIM3_Config) for TIM3_Config
    main.o(i.hardware_init) refers to printfa.o(i.__0printf) for __2printf
    main.o(i.hardware_init) refers to bsp_key.o(i.GetPinStateOfKey1) for GetPinStateOfKey1
    main.o(i.hardware_init) refers to main.o(.data) for Key1
    main.o(i.hardware_init) refers to bsp_key.o(i.GetPinStateOfKey2) for GetPinStateOfKey2
    main.o(i.hardware_init) refers to system_stm32f4xx.o(.data) for SystemCoreClock
    main.o(i.hardware_init) refers to main.o(i.TIM3_IRQHandler) for TIM3_IRQHandler
    main.o(i.main) refers to los_init.o(i.LOS_KernelInit) for LOS_KernelInit
    main.o(i.main) refers to main.o(i.hardware_init) for hardware_init
    main.o(i.main) refers to main.o(i.creat_task1) for creat_task1
    main.o(i.main) refers to main.o(i.creat_task2) for creat_task2
    main.o(i.main) refers to los_init.o(i.LOS_Start) for LOS_Start
    main.o(i.task1) refers to printfa.o(i.__0printf) for __2printf
    main.o(i.task1) refers to lan8742a.o(i.ETH_BSP_Config) for ETH_BSP_Config
    main.o(i.task1) refers to tcpip.o(i.tcpip_init) for tcpip_init
    main.o(i.task1) refers to netif.o(i.netif_add) for netif_add
    main.o(i.task1) refers to netif.o(i.netif_set_default) for netif_set_default
    main.o(i.task1) refers to netif.o(i.netif_set_up) for netif_set_up
    main.o(i.task1) refers to netif.o(i.netif_set_down) for netif_set_down
    main.o(i.task1) refers to lwm2mclient.o(i.lwm2m_main) for lwm2m_main
    main.o(i.task1) refers to tcpip.o(i.tcpip_input) for tcpip_input
    main.o(i.task1) refers to ethernetif.o(i.ethernetif_init) for ethernetif_init
    main.o(i.task1) refers to main.o(.bss) for gnetif
    main.o(i.task2) refers to los_task.o(i.LOS_TaskDelay) for LOS_TaskDelay
    stm32f4xx_it.o(i.HardFault_Handler) refers to printfa.o(i.__0printf) for __2printf
    system_stm32f4xx.o(i.SystemCoreClockUpdate) refers to system_stm32f4xx.o(.data) for SystemCoreClock
    system_stm32f4xx.o(i.SystemInit) refers to system_stm32f4xx.o(i.SetSysClock) for SetSysClock
    dwt.o(i.Delay10ms) refers to dwt.o(i.Delayus) for Delayus
    dwt.o(i.DelayInit) refers to dwt.o(.data) for cpuclkfeq
    dwt.o(i.Delayus) refers to los_dispatch_keil.o(.text) for LOS_IntLock
    dwt.o(i.Delayus) refers to dwt.o(.data) for cpuclkfeq
    bsp_key.o(i.GetPinStateOfKey1) refers to stm32f4xx_gpio.o(i.GPIO_ReadInputDataBit) for GPIO_ReadInputDataBit
    bsp_key.o(i.GetPinStateOfKey2) refers to stm32f4xx_gpio.o(i.GPIO_ReadInputDataBit) for GPIO_ReadInputDataBit
    bsp_key.o(i.Key1_GPIO_Config) refers to stm32f4xx_rcc.o(i.RCC_AHB1PeriphClockCmd) for RCC_AHB1PeriphClockCmd
    bsp_key.o(i.Key1_GPIO_Config) refers to stm32f4xx_gpio.o(i.GPIO_Init) for GPIO_Init
[...]
    0x08002e8a   0x08002e8a   0x00000002   Code   RO        17579    i.__scatterload_null  mc_w.l(handlers.o)
    0x08002e8c   0x08002e8c   0x0000000e   Code   RO        17580    i.__scatterload_zeroinit  mc_w.l(handlers.o)
    0x08002e9a   0x08002e9a   0x00000002   PAD
    0x08002e9c   0x08002e9c   0x00000184   Code   RO        17436    i._fp_digits        mc_w.l(printfa.o)
    0x08003020   0x08003020   0x000006dc   Code   RO        17437    i._printf_core      mc_w.l(printfa.o)
    0x080036fc   0x080036fc   0x00000024   Code   RO        17438    i._printf_post_padding  mc_w.l(printfa.o)
    0x08003720   0x08003720   0x0000002e   Code   RO        17439    i._printf_pre_padding  mc_w.l(printfa.o)
    0x0800374e   0x0800374e   0x0000000a   Code   RO        17441    i._sputc            mc_w.l(printfa.o)
    0x08003758   0x08003758   0x00000040   Code   RO        13688    i.acc_ctrl_create_object  object_access_control.o
    0x08003798   0x08003798   0x00000054   Code   RO        13689    i.acc_ctrl_obj_add_inst  object_access_control.o
    0x080037ec   0x080037ec   0x0000002e   Code   RO        13690    i.acc_ctrl_oi_add_ac_val  object_access_control.o
    0x0800381a   0x0800381a   0x00000024   Code   RO        13691    i.acl_ctrl_free_object  object_access_control.o
    0x0800383e   0x0800383e   0x00000002   PAD
    0x08003840   0x08003840   0x0000009c   Code   RO         9358    i.alloc_socket      sockets.o
    0x080038dc   0x080038dc   0x0000001c   Code   RO         8551    i.arp_timer         ethernetif.o
    0x080038f8   0x080038f8   0x00000038   Code   RO        14123    i.clean_security_object  object_security.o
    0x08003930   0x08003930   0x0000001e   Code   RO        14192    i.clean_server_object  object_server.o
    0x0800394e   0x0800394e   0x00000068   Code   RO        11922    i.coap_add_multi_option  er-coap-13.o
    0x080039b6   0x080039b6   0x000000da   Code   RO        12308    i.coap_block1_handler  block1.o
    0x08003a90   0x08003a90   0x00000026   Code   RO        11923    i.coap_free_header  er-coap-13.o
    0x08003ab6   0x08003ab6   0x00000036   Code   RO        11925    i.coap_get_header_block1  er-coap-13.o
    0x08003aec   0x08003aec   0x00000036   Code   RO        11926    i.coap_get_header_block2  er-coap-13.o
    0x08003b22   0x08003b22   0x00000018   Code   RO        11934    i.coap_get_header_observe  er-coap-13.o
    0x08003b3a   0x08003b3a   0x0000001e   Code   RO        11937    i.coap_get_header_token  er-coap-13.o
    0x08003b58   0x08003b58   0x00000052   Code   RO        11942    i.coap_get_multi_option_as_string  er-coap-13.o
    0x08003baa   0x08003baa   0x00000022   Code   RO        11947    i.coap_init_message  er-coap-13.o
    0x08003bcc   0x08003bcc   0x0000001c   Code   RO        11948    i.coap_log_2        er-coap-13.o
    0x08003be8   0x08003be8   0x00000040   Code   RO        11949    i.coap_merge_multi_option  er-coap-13.o
    0x08003c28   0x08003c28   0x00000018   Code   RO        11950    i.coap_option_nibble  er-coap-13.o
    0x08003c40   0x08003c40   0x0000001a   Code   RO        11951    i.coap_parse_int_option  er-coap-13.o
    0x08003c5a   0x08003c5a   0x00000002   PAD
    0x08003c5c   0x08003c5c   0x000003b8   Code   RO        11952    i.coap_parse_message  er-coap-13.o
    0x08004014   0x08004014   0x00000082   Code   RO        11953    i.coap_serialize_array_option  er-coap-13.o
    0x08004096   0x08004096   0x0000011a   Code   RO        11954    i.coap_serialize_get_size  er-coap-13.o
    0x080041b0   0x080041b0   0x00000074   Code   RO        11955    i.coap_serialize_int_option  er-coap-13.o
    0x08004224   0x08004224   0x000002ee   Code   RO        11956    i.coap_serialize_message  er-coap-13.o
    0x08004512   0x08004512   0x0000003c   Code   RO        11957    i.coap_serialize_multi_option  er-coap-13.o
    0x0800454e   0x0800454e   0x0000003a   Code   RO        11959    i.coap_set_header_block1  er-coap-13.o
    0x08004588   0x08004588   0x00000042   Code   RO        11960    i.coap_set_header_block2  er-coap-13.o
    0x080045ca   0x080045ca   0x00000016   Code   RO        11961    i.coap_set_header_content_type  er-coap-13.o
    0x080045e0   0x080045e0   0x00000060   Code   RO        11965    i.coap_set_header_location_path  er-coap-13.o
    0x08004640   0x08004640   0x00000018   Code   RO        11968    i.coap_set_header_observe  er-coap-13.o
    0x08004658   0x08004658   0x00000038   Code   RO        11971    i.coap_set_header_token  er-coap-13.o
    0x08004690   0x08004690   0x00000060   Code   RO        11973    i.coap_set_header_uri_path  er-coap-13.o
    0x080046f0   0x080046f0   0x00000046   Code   RO        11974    i.coap_set_header_uri_path_segment  er-coap-13.o
    0x08004736   0x08004736   0x00000064   Code   RO        11975    i.coap_set_header_uri_query  er-coap-13.o
    0x0800479a   0x0800479a   0x00000068   Code   RO        11976    i.coap_set_option_header  er-coap-13.o
    0x08004802   0x08004802   0x00000016   Code   RO        11977    i.coap_set_payload  er-coap-13.o
    0x08004818   0x08004818   0x00000010   Code   RO        11978    i.coap_set_status_code  er-coap-13.o
    0x08004828   0x08004828   0x0000008e   Code   RO        13833    i.conn_s_updateRxStatistic  object_connectivity_stat.o
    0x080048b6   0x080048b6   0x000000a8   Code   RO        13468    i.connection_create  connection.o
    0x0800495e   0x0800495e   0x00000032   Code   RO        13469    i.connection_find   connection.o
    0x08004990   0x08004990   0x00000018   Code   RO        13470    i.connection_free   connection.o
    0x080049a8   0x080049a8   0x00000040   Code   RO        13471    i.connection_new_incoming  connection.o
    0x080049e8   0x080049e8   0x0000003e   Code   RO        13472    i.connection_send   connection.o
    0x08004a26   0x08004a26   0x00000002   PAD
    0x08004a28   0x08004a28   0x00000040   Code   RO           12    i.creat_task1       main.o
    0x08004a68   0x08004a68   0x00000040   Code   RO           13    i.creat_task2       main.o
    0x08004aa8   0x08004aa8   0x00000072   Code   RO        13473    i.create_socket     connection.o
    0x08004b1a   0x08004b1a   0x00000002   PAD
    0x08004b1c   0x08004b1c   0x0000001c   Code   RO        11678    i.cyclic_timer      timeouts.o
    0x08004b38   0x08004b38   0x00000084   Code   RO        13906    i.device_change     object_device.o
    0x08004bbc   0x08004bbc   0x000000b0   Code   RO         9712    i.dhcp_arp_reply    dhcp.o
    0x08004c6c   0x08004c6c   0x000001c4   Code   RO         9713    i.dhcp_bind         dhcp.o
    0x08004e30   0x08004e30   0x0000003e   Code   RO         9714    i.dhcp_check        dhcp.o
    0x08004e6e   0x08004e6e   0x00000002   PAD
    0x08004e70   0x08004e70   0x00000068   Code   RO         9716    i.dhcp_coarse_tmr   dhcp.o
    0x08004ed8   0x08004ed8   0x0000032c   Code   RO         9717    i.dhcp_create_msg   dhcp.o
    0x08005204   0x08005204   0x00000098   Code   RO         9719    i.dhcp_decline      dhcp.o
    0x0800529c   0x0800529c   0x00000170   Code   RO         9720    i.dhcp_delete_msg   dhcp.o
    0x0800540c   0x0800540c   0x000000d4   Code   RO         9721    i.dhcp_discover     dhcp.o
    0x080054e0   0x080054e0   0x0000003c   Code   RO         9722    i.dhcp_fine_tmr     dhcp.o
    0x0800551c   0x0800551c   0x000000b0   Code   RO         9729    i.dhcp_option       dhcp.o
    0x080055cc   0x080055cc   0x000000d4   Code   RO         9730    i.dhcp_option_byte  dhcp.o
    0x080056a0   0x080056a0   0x00000108   Code   RO         9731    i.dhcp_option_long  dhcp.o
    0x080057a8   0x080057a8   0x000000ac   Code   RO         9732    i.dhcp_option_short  dhcp.o
    0x08005854   0x08005854   0x000001b0   Code   RO         9733    i.dhcp_option_trailer  dhcp.o
    0x08005a04   0x08005a04   0x000000c0   Code   RO         9735    i.dhcp_rebind       dhcp.o
    0x08005ac4   0x08005ac4   0x000000dc   Code   RO         9736    i.dhcp_reboot       dhcp.o
    0x08005ba0   0x08005ba0   0x000000ac   Code   RO         9738    i.dhcp_release      dhcp.o
    0x08005c4c   0x08005c4c   0x000000bc   Code   RO         9739    i.dhcp_renew        dhcp.o
    0x08005d08   0x08005d08   0x00000104   Code   RO         9740    i.dhcp_select       dhcp.o
    0x08005e0c   0x08005e0c   0x00000010   Code   RO         9741    i.dhcp_set_state    dhcp.o
    0x08005e1c   0x08005e1c   0x00000028   Code   RO         9745    i.dhcp_supplied_address  dhcp.o
    0x08005e44   0x08005e44   0x00000042   Code   RO         9746    i.dhcp_t1_timeout   dhcp.o
    0x08005e86   0x08005e86   0x00000048   Code   RO         9747    i.dhcp_t2_timeout   dhcp.o
    0x08005ece   0x08005ece   0x00000074   Code   RO         9748    i.dhcp_timeout      dhcp.o
    0x08005f42   0x08005f42   0x00000002   PAD
    0x08005f44   0x08005f44   0x0000039c   Code   RO        12539    i.discover_serialize  discover.o
    0x080062e0   0x080062e0   0x0000059a   Code   RO        12754    i.dm_handleRequest  management.o
    0x0800687a   0x0800687a   0x00000002   PAD
    0x0800687c   0x0800687c   0x00000074   Code   RO        10393    i.dns_alloc_pcb     dns.o
    0x080068f0   0x080068f0   0x0000005c   Code   RO        10394    i.dns_alloc_random_port  dns.o
    0x0800694c   0x0800694c   0x00000108   Code   RO        10395    i.dns_call_found    dns.o
    0x08006a54   0x08006a54   0x00000016   Code   RO        10396    i.dns_check_entries  dns.o
    0x08006a6a   0x08006a6a   0x00000002   PAD
    0x08006a6c   0x08006a6c   0x0000018c   Code   RO        10397    i.dns_check_entry   dns.o
    0x08006bf8   0x08006bf8   0x0000008c   Code   RO        10398    i.dns_compare_name  dns.o
    0x08006c84   0x08006c84   0x00000044   Code   RO        10399    i.dns_correct_response  dns.o
    0x08006cc8   0x08006cc8   0x00000040   Code   RO        10400    i.dns_create_txid   dns.o
    0x08006d08   0x08006d08   0x00000190   Code   RO        10401    i.dns_enqueue       dns.o
    0x08006e98   0x08006e98   0x0000006c   Code   RO        10403    i.dns_gethostbyname_addrtype  dns.o
    0x08006f04   0x08006f04   0x0000000a   Code   RO        10405    i.dns_init          dns.o
    0x08006f0e   0x08006f0e   0x00000002   PAD
    0x08006f10   0x08006f10   0x0000005c   Code   RO        10406    i.dns_lookup        dns.o
    0x08006f6c   0x08006f6c   0x000001d0   Code   RO        10407    i.dns_recv          dns.o
    0x0800713c   0x0800713c   0x000001cc   Code   RO        10408    i.dns_send          dns.o
    0x08007308   0x08007308   0x00000062   Code   RO        10410    i.dns_skip_name     dns.o
    0x0800736a   0x0800736a   0x00000008   Code   RO        10411    i.dns_tmr           dns.o
    0x08007372   0x08007372   0x00000002   PAD
    0x08007374   0x08007374   0x000000b8   Code   RO        10723    i.do_memp_free_pool  memp.o
    0x0800742c   0x0800742c   0x000000c0   Code   RO        10724    i.do_memp_malloc_pool  memp.o
    0x080074ec   0x080074ec   0x00000214   Code   RO         8947    i.err_tcp           api_msg.o
    0x08007700   0x08007700   0x00000020   Code   RO         9159    i.err_to_errno      err.o
    0x08007720   0x08007720   0x00000038   Code   RO         9953    i.etharp_cleanup_netif  etharp.o
    0x08007758   0x08007758   0x000002ec   Code   RO         9955    i.etharp_find_entry  etharp.o
    0x08007a44   0x08007a44   0x00000040   Code   RO         9956    i.etharp_free_entry  etharp.o
    0x08007a84   0x08007a84   0x00000148   Code   RO         9958    i.etharp_input      etharp.o
    0x08007bcc   0x08007bcc   0x00000214   Code   RO         9959    i.etharp_output     etharp.o
    0x08007de0   0x08007de0   0x00000174   Code   RO         9960    i.etharp_output_to_arp_index  etharp.o
    0x08007f54   0x08007f54   0x00000290   Code   RO         9961    i.etharp_query      etharp.o
    0x080081e4   0x080081e4   0x00000194   Code   RO         9962    i.etharp_raw        etharp.o
    0x08008378   0x08008378   0x00000018   Code   RO         9963    i.etharp_request    etharp.o
    0x08008390   0x08008390   0x0000002c   Code   RO         9964    i.etharp_request_dst  etharp.o
    0x080083bc   0x080083bc   0x000000dc   Code   RO         9965    i.etharp_tmr        etharp.o
    0x08008498   0x08008498   0x00000168   Code   RO         9966    i.etharp_update_arp_entry  etharp.o
    0x08008600   0x08008600   0x000000c8   Code   RO        11883    i.ethernet_input    ethernet.o
    0x080086c8   0x080086c8   0x0000010c   Code   RO        11884    i.ethernet_output   ethernet.o
    0x080087d4   0x080087d4   0x000000c8   Code   RO         8552    i.ethernetif_init   ethernetif.o
    0x0800889c   0x0800889c   0x00000044   Code   RO         8553    i.ethernetif_input  ethernetif.o
    0x080088e0   0x080088e0   0x00000204   Code   RO         9359    i.event_callback    sockets.o
    0x08008ae4   0x08008ae4   0x00000024   Code   RO          744    i.fputc             bsp_debug_usart.o
    0x08008b08   0x08008b08   0x00000018   Code   RO        12309    i.free_block1_buffer  block1.o
    0x08008b20   0x08008b20   0x00000026   Code   RO        11979    i.free_multi_option  er-coap-13.o
    0x08008b46   0x08008b46   0x00000018   Code   RO        13777    i.free_object_conn_m  object_connectivity_moni.o
    0x08008b5e   0x08008b5e   0x00000018   Code   RO        13835    i.free_object_conn_s  object_connectivity_stat.o
    0x08008b76   0x08008b76   0x00000028   Code   RO        13908    i.free_object_device  object_device.o
    0x08008b9e   0x08008b9e   0x00000028   Code   RO        13994    i.free_object_firmware  object_firmware.o
    0x08008bc6   0x08008bc6   0x00000018   Code   RO        14055    i.free_object_location  object_location.o
    0x08008bde   0x08008bde   0x00000020   Code   RO        14530    i.free_platform_object  platform_object.o
    0x08008bfe   0x08008bfe   0x0000002a   Code   RO         9360    i.free_socket       sockets.o
    0x08008c28   0x08008c28   0x00000020   Code   RO        14316    i.free_test_object  test_object.o
    0x08008c48   0x08008c48   0x000000e0   Code   RO        13778    i.get_object_conn_m  object_connectivity_moni.o
    0x08008d28   0x08008d28   0x0000006c   Code   RO        13836    i.get_object_conn_s  object_connectivity_stat.o
    0x08008d94   0x08008d94   0x000000d0   Code   RO        13909    i.get_object_device  object_device.o
    0x08008e64   0x08008e64   0x0000007c   Code   RO        13995    i.get_object_firmware  object_firmware.o
    0x08008ee0   0x08008ee0   0x000000a8   Code   RO        14056    i.get_object_location  object_location.o
    0x08008f88   0x08008f88   0x000000d8   Code   RO        14531    i.get_platform_object  platform_object.o
    0x08009060   0x08009060   0x000000d8   Code   RO        14126    i.get_security_object  object_security.o
    0x08009138   0x08009138   0x000000a8   Code   RO        14195    i.get_server_object  object_server.o
    0x080091e0   0x080091e0   0x0000001e   Code   RO        14127    i.get_server_uri    object_security.o
    0x080091fe   0x080091fe   0x00000002   PAD
    0x08009200   0x08009200   0x00000044   Code   RO         9361    i.get_socket        sockets.o
    0x08009244   0x08009244   0x000000dc   Code   RO        14317    i.get_test_object   test_object.o
    0x08009320   0x08009320   0x00000090   Code   RO        13011    i.handle_request    packet.o
    0x080093b0   0x080093b0   0x00000038   Code   RO        13012    i.handle_reset      packet.o
    0x080093e8   0x080093e8   0x0000000c   Code   RO        13603    i.handle_sigint     lwm2mclient.o
    0x080093f4   0x080093f4   0x00000144   Code   RO        13604    i.handle_value_changed  lwm2mclient.o
    0x08009538   0x08009538   0x00000080   Code   RO           14    i.hardware_init     main.o
    0x080095b8   0x080095b8   0x00000012   Code   RO        10063    i.icmp_dest_unreach  icmp.o
    0x080095ca   0x080095ca   0x00000002   PAD
    0x080095cc   0x080095cc   0x00000280   Code   RO        10064    i.icmp_input        icmp.o
    0x0800984c   0x0800984c   0x00000120   Code   RO        10065    i.icmp_send_response  icmp.o
    0x0800996c   0x0800996c   0x00000012   Code   RO        10066    i.icmp_time_exceeded  icmp.o
    0x0800997e   0x0800997e   0x00000052   Code   RO        10524    i.inet_chksum_pbuf  inet_chksum.o
    0x080099d0   0x080099d0   0x00000002   Code   RO        14285    i.init_value_change  system_api.o
    0x080099d2   0x080099d2   0x0000004e   Code   RO        10192    i.ip4_addr_isbroadcast_u32  ip4_addr.o
    0x08009a20   0x08009a20   0x000002fc   Code   RO        10257    i.ip4_frag          ip4_frag.o
    0x08009d1c   0x08009d1c   0x000001f8   Code   RO        10128    i.ip4_input         ip4.o
    0x08009f14   0x08009f14   0x00000036   Code   RO        10130    i.ip4_output_if     ip4.o
    0x08009f4a   0x08009f4a   0x00000002   PAD
    0x08009f4c   0x08009f4c   0x0000019c   Code   RO        10131    i.ip4_output_if_src  ip4.o
    0x0800a0e8   0x0800a0e8   0x000001d8   Code   RO        10258    i.ip4_reass         ip4_frag.o
    0x0800a2c0   0x0800a2c0   0x00000090   Code   RO        10132    i.ip4_route         ip4.o
    0x0800a350   0x0800a350   0x00000218   Code   RO        10194    i.ip4addr_aton      ip4_addr.o
    0x0800a568   0x0800a568   0x000000a8   Code   RO        10196    i.ip4addr_ntoa_r    ip4_addr.o
    0x0800a610   0x0800a610   0x0000000a   Code   RO        10259    i.ip_frag_alloc_pbuf_custom_ref  ip4_frag.o
    0x0800a61a   0x0800a61a   0x00000002   PAD
    0x0800a61c   0x0800a61c   0x000000a0   Code   RO        10260    i.ip_frag_free_pbuf_custom_ref  ip4_frag.o
    0x0800a6bc   0x0800a6bc   0x00000304   Code   RO        10261    i.ip_reass_chain_frag_into_datagram_and_validate  ip4_frag.o
    0x0800a9c0   0x0800a9c0   0x000000cc   Code   RO        10262    i.ip_reass_dequeue_datagram  ip4_frag.o
    0x0800aa8c   0x0800aa8c   0x00000054   Code   RO        10263    i.ip_reass_enqueue_new_datagram  ip4_frag.o
    0x0800aae0   0x0800aae0   0x000001e0   Code   RO        10264    i.ip_reass_free_complete_datagram  ip4_frag.o
    0x0800acc0   0x0800acc0   0x00000088   Code   RO        10265    i.ip_reass_remove_oldest_datagram  ip4_frag.o
    0x0800ad48   0x0800ad48   0x00000034   Code   RO        10266    i.ip_reass_tmr      ip4_frag.o
    0x0800ad7c   0x0800ad7c   0x000000d0   Code   RO        10267    i.ipfrag_free_pbuf_custom  ip4_frag.o
    0x0800ae4c   0x0800ae4c   0x0000001c   Code   RO        14058    i.location_setVelocity  object_location.o
    0x0800ae68   0x0800ae68   0x000000b8   Code   RO         8554    i.low_level_init    ethernetif.o
    0x0800af20   0x0800af20   0x0000011c   Code   RO         8555    i.low_level_input   ethernetif.o
    0x0800b03c   0x0800b03c   0x000000b0   Code   RO         8556    i.low_level_output  ethernetif.o
    0x0800b0ec   0x0800b0ec   0x00000138   Code   RO         9363    i.lwip_bind         sockets.o
    0x0800b224   0x0800b224   0x00000110   Code   RO         9364    i.lwip_close        sockets.o
    0x0800b334   0x0800b334   0x00000150   Code   RO         9365    i.lwip_connect      sockets.o
    0x0800b484   0x0800b484   0x00000018   Code   RO         9271    i.lwip_freeaddrinfo  netdb.o
    0x0800b49c   0x0800b49c   0x00000228   Code   RO         9272    i.lwip_getaddrinfo  netdb.o
    0x0800b6c4   0x0800b6c4   0x0000001a   Code   RO        10338    i.lwip_htonl        def.o
    0x0800b6de   0x0800b6de   0x0000000c   Code   RO        10339    i.lwip_htons        def.o
    0x0800b6ea   0x0800b6ea   0x00000002   PAD
    0x0800b6ec   0x0800b6ec   0x000000b0   Code   RO        10596    i.lwip_init         init.o
    0x0800b79c   0x0800b79c   0x00000074   Code   RO         8949    i.lwip_netconn_do_bind  api_msg.o
    0x0800b810   0x0800b810   0x0000018c   Code   RO         8950    i.lwip_netconn_do_close  api_msg.o
    0x0800b99c   0x0800b99c   0x00000380   Code   RO         8951    i.lwip_netconn_do_close_internal  api_msg.o
    0x0800bd1c   0x0800bd1c   0x000001f8   Code   RO         8952    i.lwip_netconn_do_connect  api_msg.o
    0x0800bf14   0x0800bf14   0x000001d4   Code   RO         8953    i.lwip_netconn_do_connected  api_msg.o
    0x0800c0e8   0x0800c0e8   0x00000254   Code   RO         8954    i.lwip_netconn_do_delconn  api_msg.o
    0x0800c33c   0x0800c33c   0x00000040   Code   RO         8955    i.lwip_netconn_do_disconnect  api_msg.o
    0x0800c37c   0x0800c37c   0x0000002c   Code   RO         8956    i.lwip_netconn_do_dns_found  api_msg.o
    0x0800c3a8   0x0800c3a8   0x00000158   Code   RO         8957    i.lwip_netconn_do_getaddr  api_msg.o
    0x0800c500   0x0800c500   0x00000030   Code   RO         8958    i.lwip_netconn_do_gethostbyname  api_msg.o
    0x0800c530   0x0800c530   0x00000032   Code   RO         8960    i.lwip_netconn_do_newconn  api_msg.o
    0x0800c562   0x0800c562   0x00000062   Code   RO         8961    i.lwip_netconn_do_recv  api_msg.o
    0x0800c5c4   0x0800c5c4   0x0000007e   Code   RO         8962    i.lwip_netconn_do_send  api_msg.o
    0x0800c642   0x0800c642   0x00000002   PAD
    0x0800c644   0x0800c644   0x000001b8   Code   RO         8963    i.lwip_netconn_do_write  api_msg.o
    0x0800c7fc   0x0800c7fc   0x00000378   Code   RO         8964    i.lwip_netconn_do_writemore  api_msg.o
    0x0800cb74   0x0800cb74   0x00000324   Code   RO         9376    i.lwip_recvfrom     sockets.o
    0x0800ce98   0x0800ce98   0x0000045c   Code   RO         9377    i.lwip_select       sockets.o
    0x0800d2f4   0x0800d2f4   0x0000036c   Code   RO         9378    i.lwip_selscan      sockets.o
    0x0800d660   0x0800d660   0x0000009c   Code   RO         9379    i.lwip_send         sockets.o
    0x0800d6fc   0x0800d6fc   0x000001fc   Code   RO         9381    i.lwip_sendto       sockets.o
    0x0800d8f8   0x0800d8f8   0x000000a8   Code   RO         9385    i.lwip_socket       sockets.o
    0x0800d9a0   0x0800d9a0   0x0000005e   Code   RO        10531    i.lwip_standard_chksum  inet_chksum.o
    0x0800d9fe   0x0800d9fe   0x00000046   Code   RO        10342    i.lwip_strnicmp     def.o
    0x0800da44   0x0800da44   0x0000009c   Code   RO        13474    i.lwm2m_buffer_send  connection.o
    0x0800dae0   0x0800dae0   0x00000068   Code   RO        12601    i.lwm2m_close       liblwm2m.o
    0x0800db48   0x0800db48   0x00000044   Code   RO        13605    i.lwm2m_close_connection  lwm2mclient.o
    0x0800db8c   0x0800db8c   0x00000100   Code   RO        12602    i.lwm2m_configure   liblwm2m.o
    0x0800dc8c   0x0800dc8c   0x00000110   Code   RO        13606    i.lwm2m_connect_server  lwm2mclient.o
    0x0800dd9c   0x0800dd9c   0x000000f4   Code   RO        12395    i.lwm2m_data_decode_bool  data.o
    0x0800de90   0x0800de90   0x000000e4   Code   RO        12396    i.lwm2m_data_decode_float  data.o
    0x0800df74   0x0800df74   0x00000100   Code   RO        12397    i.lwm2m_data_decode_int  data.o
    0x0800e074   0x0800e074   0x0000004c   Code   RO        12399    i.lwm2m_data_encode_bool  data.o
    0x0800e0c0   0x0800e0c0   0x0000004c   Code   RO        12400    i.lwm2m_data_encode_float  data.o
    0x0800e10c   0x0800e10c   0x00000040   Code   RO        12401    i.lwm2m_data_encode_instances  data.o
    0x0800e14c   0x0800e14c   0x00000040   Code   RO        12402    i.lwm2m_data_encode_int  data.o
    0x0800e18c   0x0800e18c   0x00000058   Code   RO        12403    i.lwm2m_data_encode_nstring  data.o
    0x0800e1e4   0x0800e1e4   0x00000060   Code   RO        12405    i.lwm2m_data_encode_opaque  data.o
    0x0800e244   0x0800e244   0x00000068   Code   RO        12406    i.lwm2m_data_encode_string  data.o
    0x0800e2ac   0x0800e2ac   0x00000088   Code   RO        12407    i.lwm2m_data_free   data.o
    0x0800e334   0x0800e334   0x0000006c   Code   RO        12408    i.lwm2m_data_include  data.o
    0x0800e3a0   0x0800e3a0   0x00000048   Code   RO        12409    i.lwm2m_data_new    data.o
    0x0800e3e8   0x0800e3e8   0x000001f8   Code   RO        12410    i.lwm2m_data_parse  data.o
    0x0800e5e0   0x0800e5e0   0x000002e0   Code   RO        12411    i.lwm2m_data_serialize  data.o
    0x0800e8c0   0x0800e8c0   0x0000012c   Code   RO        13156    i.lwm2m_decode_TLV  tlv.o
    0x0800e9ec   0x0800e9ec   0x0000003c   Code   RO        12603    i.lwm2m_deregister  liblwm2m.o
    0x0800ea28   0x0800ea28   0x00000014   Code   RO        11980    i.lwm2m_free        er-coap-13.o
    0x0800ea3c   0x0800ea3c   0x00000014   Code   RO        12310    i.lwm2m_free        block1.o
    0x0800ea50   0x0800ea50   0x00000014   Code   RO        12412    i.lwm2m_free        data.o
    0x0800ea64   0x0800ea64   0x00000014   Code   RO        12604    i.lwm2m_free        liblwm2m.o
    0x0800ea78   0x0800ea78   0x00000014   Code   RO        12784    i.lwm2m_free        objects.o
    0x0800ea8c   0x0800ea8c   0x00000014   Code   RO        12913    i.lwm2m_free        observe.o
    0x0800eaa0   0x0800eaa0   0x00000014   Code   RO        13013    i.lwm2m_free        packet.o
    0x0800eab4   0x0800eab4   0x00000014   Code   RO        13062    i.lwm2m_free        registration.o
    0x0800eac8   0x0800eac8   0x00000014   Code   RO        13157    i.lwm2m_free        tlv.o
    0x0800eadc   0x0800eadc   0x00000014   Code   RO        13233    i.lwm2m_free        transaction.o
    0x0800eaf0   0x0800eaf0   0x00000014   Code   RO        13303    i.lwm2m_free        uri_1.o
    0x0800eb04   0x0800eb04   0x00000014   Code   RO        13607    i.lwm2m_free        lwm2mclient.o
    0x0800eb18   0x0800eb18   0x00000014   Code   RO        13692    i.lwm2m_free        object_access_control.o
    0x0800eb2c   0x0800eb2c   0x00000014   Code   RO        13779    i.lwm2m_free        object_connectivity_moni.o
    0x0800eb40   0x0800eb40   0x00000014   Code   RO        13837    i.lwm2m_free        object_connectivity_stat.o
    0x0800eb54   0x0800eb54   0x00000014   Code   RO        13910    i.lwm2m_free        object_device.o
    0x0800eb68   0x0800eb68   0x00000014   Code   RO        13996    i.lwm2m_free        object_firmware.o
    0x0800eb7c   0x0800eb7c   0x00000014   Code   RO        14059    i.lwm2m_free        object_location.o
    0x0800eb90   0x0800eb90   0x00000014   Code   RO        14128    i.lwm2m_free        object_security.o
    0x0800eba4   0x0800eba4   0x00000014   Code   RO        14196    i.lwm2m_free        object_server.o
    0x0800ebb8   0x0800ebb8   0x00000014   Code   RO        14318    i.lwm2m_free        test_object.o
    0x0800ebcc   0x0800ebcc   0x00000014   Code   RO        14532    i.lwm2m_free        platform_object.o
    0x0800ebe0   0x0800ebe0   0x00000014   Code   RO        13551    i.lwm2m_gettime     platform.o
    0x0800ebf4   0x0800ebf4   0x000005b8   Code   RO        13014    i.lwm2m_handle_packet  packet.o
    0x0800f1ac   0x0800f1ac   0x00000060   Code   RO        12605    i.lwm2m_init        liblwm2m.o
    0x0800f20c   0x0800f20c   0x00000036   Code   RO        12703    i.lwm2m_list_add    list.o
    0x0800f242   0x0800f242   0x0000001e   Code   RO        12704    i.lwm2m_list_find   list.o
    0x0800f260   0x0800f260   0x00000024   Code   RO        12705    i.lwm2m_list_free   list.o
    0x0800f284   0x0800f284   0x0000001a   Code   RO        12706    i.lwm2m_list_newId  list.o
    0x0800f29e   0x0800f29e   0x00000056   Code   RO        12707    i.lwm2m_list_remove  list.o
    0x0800f2f4   0x0800f2f4   0x00000a1c   Code   RO        13608    i.lwm2m_main        lwm2mclient.o
    0x0800fd10   0x0800fd10   0x00000018   Code   RO        11981    i.lwm2m_malloc      er-coap-13.o
    0x0800fd28   0x0800fd28   0x00000018   Code   RO        12311    i.lwm2m_malloc      block1.o
    0x0800fd40   0x0800fd40   0x00000018   Code   RO        12413    i.lwm2m_malloc      data.o
    0x0800fd58   0x0800fd58   0x00000018   Code   RO        12914    i.lwm2m_malloc      observe.o
    0x0800fd70   0x0800fd70   0x00000018   Code   RO        13063    i.lwm2m_malloc      registration.o
    0x0800fd88   0x0800fd88   0x00000018   Code   RO        13234    i.lwm2m_malloc      transaction.o
    0x0800fda0   0x0800fda0   0x00000018   Code   RO        13693    i.lwm2m_malloc      object_access_control.o
    0x0800fdb8   0x0800fdb8   0x00000018   Code   RO        13780    i.lwm2m_malloc      object_connectivity_moni.o
    0x0800fdd0   0x0800fdd0   0x00000018   Code   RO        13838    i.lwm2m_malloc      object_connectivity_stat.o
    0x0800fde8   0x0800fde8   0x00000018   Code   RO        13911    i.lwm2m_malloc      object_device.o
    0x0800fe00   0x0800fe00   0x00000018   Code   RO        13997    i.lwm2m_malloc      object_firmware.o
    0x0800fe18   0x0800fe18   0x00000018   Code   RO        14060    i.lwm2m_malloc      object_location.o
    0x0800fe30   0x0800fe30   0x00000018   Code   RO        14129    i.lwm2m_malloc      object_security.o
    0x0800fe48   0x0800fe48   0x00000018   Code   RO        14197    i.lwm2m_malloc      object_server.o
    0x0800fe60   0x0800fe60   0x00000018   Code   RO        14319    i.lwm2m_malloc      test_object.o
    0x0800fe78   0x0800fe78   0x00000018   Code   RO        14533    i.lwm2m_malloc      platform_object.o
    0x0800fe90   0x0800fe90   0x00000020   Code   RO        13552    i.lwm2m_printf      platform.o
    0x0800feb0   0x0800feb0   0x00000164   Code   RO        12915    i.lwm2m_resource_value_changed  observe.o
    0x08010014   0x08010014   0x00000178   Code   RO        12916    i.lwm2m_resource_value_changed_ex  observe.o
    0x0801018c   0x0801018c   0x0000000e   Code   RO        13475    i.lwm2m_session_is_equal  connection.o
    0x0801019a   0x0801019a   0x00000002   PAD
    0x0801019c   0x0801019c   0x00000258   Code   RO        12607    i.lwm2m_step        liblwm2m.o
    0x080103f4   0x080103f4   0x0000003c   Code   RO        13553    i.lwm2m_strdup      platform.o
    0x08010430   0x08010430   0x0000027c   Code   RO        13304    i.lwm2m_stringToUri  uri_1.o
    0x080106ac   0x080106ac   0x00000014   Code   RO        13554    i.lwm2m_strncmp     platform.o
    0x080106c0   0x080106c0   0x000001b8   Code   RO        13064    i.lwm2m_update_registration  registration.o
    0x08010878   0x08010878   0x0000002c   Code   RO           15    i.main              main.o
    0x080108a4   0x080108a4   0x00000168   Code   RO        10667    i.mem_free          mem.o
    0x08010a0c   0x08010a0c   0x00000104   Code   RO        10668    i.mem_init          mem.o
    0x08010b10   0x08010b10   0x00000298   Code   RO        10669    i.mem_malloc        mem.o
    0x08010da8   0x08010da8   0x000001f0   Code   RO        10670    i.mem_trim          mem.o
    0x08010f98   0x08010f98   0x000000b4   Code   RO        10725    i.memp_free         memp.o
    0x0801104c   0x0801104c   0x00000020   Code   RO        10727    i.memp_init         memp.o
    0x0801106c   0x0801106c   0x0000002c   Code   RO        10728    i.memp_init_pool    memp.o
    0x08011098   0x08011098   0x000000b4   Code   RO        10729    i.memp_malloc       memp.o
    0x0801114c   0x0801114c   0x00000100   Code   RO        13015    i.message_send      packet.o
    0x0801124c   0x0801124c   0x00000020   Code   RO         9192    i.netbuf_delete     netbuf.o
    0x0801126c   0x0801126c   0x000000ac   Code   RO         9194    i.netbuf_free       netbuf.o
    0x08011318   0x08011318   0x000000d4   Code   RO         9197    i.netbuf_ref        netbuf.o
    0x080113ec   0x080113ec   0x00000134   Code   RO         8965    i.netconn_alloc     api_msg.o
    0x08011520   0x08011520   0x00000022   Code   RO         8771    i.netconn_apimsg    api_lib.o
    0x08011542   0x08011542   0x00000002   PAD
    0x08011544   0x08011544   0x000000cc   Code   RO         8772    i.netconn_bind      api_lib.o
    0x08011610   0x08011610   0x000000c8   Code   RO         8774    i.netconn_close_shutdown  api_lib.o
    0x080116d8   0x080116d8   0x000000d0   Code   RO         8775    i.netconn_connect   api_lib.o
    0x080117a8   0x080117a8   0x00000034   Code   RO         8776    i.netconn_delete    api_lib.o
    0x080117dc   0x080117dc   0x000000c4   Code   RO         8777    i.netconn_disconnect  api_lib.o
    0x080118a0   0x080118a0   0x000000c4   Code   RO         8966    i.netconn_drain     api_msg.o
    0x08011964   0x08011964   0x00000190   Code   RO         8967    i.netconn_free      api_msg.o
    0x08011af4   0x08011af4   0x00000150   Code   RO         8778    i.netconn_getaddr   api_lib.o
    0x08011c44   0x08011c44   0x00000148   Code   RO         8779    i.netconn_gethostbyname  api_lib.o
    0x08011d8c   0x08011d8c   0x000001bc   Code   RO         8781    i.netconn_new_with_proto_and_callback  api_lib.o
    0x08011f48   0x08011f48   0x00000194   Code   RO         8782    i.netconn_recv      api_lib.o
    0x080120dc   0x080120dc   0x00000258   Code   RO         8783    i.netconn_recv_data  api_lib.o
    0x08012334   0x08012334   0x000000b8   Code   RO         8784    i.netconn_recv_tcp_pbuf  api_lib.o
    0x080123ec   0x080123ec   0x000000c0   Code   RO         8785    i.netconn_send      api_lib.o
    0x080124ac   0x080124ac   0x0000015c   Code   RO         8788    i.netconn_write_partly  api_lib.o
    0x08012608   0x08012608   0x00000108   Code   RO        10824    i.netif_add         netif.o
    0x08012710   0x08012710   0x00000002   Code   RO        10826    i.netif_init        netif.o
    0x08012712   0x08012712   0x00000024   Code   RO        10828    i.netif_issue_reports  netif.o
    0x08012736   0x08012736   0x00000048   Code   RO        10830    i.netif_set_addr    netif.o
    0x0801277e   0x0801277e   0x00000002   PAD
    0x08012780   0x08012780   0x0000000c   Code   RO        10831    i.netif_set_default  netif.o
    0x0801278c   0x0801278c   0x0000002a   Code   RO        10832    i.netif_set_down    netif.o
    0x080127b6   0x080127b6   0x0000000c   Code   RO        10833    i.netif_set_gw      netif.o
    0x080127c2   0x080127c2   0x00000002   PAD
    0x080127c4   0x080127c4   0x0000004c   Code   RO        10834    i.netif_set_ipaddr  netif.o
    0x08012810   0x08012810   0x0000000c   Code   RO        10838    i.netif_set_netmask  netif.o
    0x0801281c   0x0801281c   0x0000002c   Code   RO        10839    i.netif_set_up      netif.o
    0x08012848   0x08012848   0x000000e4   Code   RO        12785    i.object_checkNumeric  objects.o
    0x0801292c   0x0801292c   0x000000e0   Code   RO        12786    i.object_checkReadable  objects.o
    0x08012a0c   0x08012a0c   0x00000178   Code   RO        12787    i.object_create     objects.o
    0x08012b84   0x08012b84   0x00000138   Code   RO        12789    i.object_delete     objects.o
    0x08012cbc   0x08012cbc   0x000001b8   Code   RO        12790    i.object_discover   objects.o
    0x08012e74   0x08012e74   0x000000ac   Code   RO        12791    i.object_execute    objects.o
    0x08012f20   0x08012f20   0x00000180   Code   RO        12792    i.object_getRegisterPayload  objects.o
    0x080130a0   0x080130a0   0x000000bc   Code   RO        12793    i.object_getRegisterPayloadBufferLength  objects.o
    0x0801315c   0x0801315c   0x00000238   Code   RO        12794    i.object_getServers  objects.o
    0x08013394   0x08013394   0x000000f8   Code   RO        12796    i.object_read       objects.o
    0x0801348c   0x0801348c   0x000001a4   Code   RO        12797    i.object_readData   objects.o
    0x08013630   0x08013630   0x000000f8   Code   RO        12798    i.object_write      objects.o
    0x08013728   0x08013728   0x000000d0   Code   RO        12917    i.observe_cancel    observe.o
    0x080137f8   0x080137f8   0x000000c4   Code   RO        12918    i.observe_clear     observe.o
    0x080138bc   0x080138bc   0x00000190   Code   RO        12919    i.observe_findByUri  observe.o
    0x08013a4c   0x08013a4c   0x00000370   Code   RO        12920    i.observe_handleRequest  observe.o
    0x08013dbc   0x08013dbc   0x000002b8   Code   RO        12921    i.observe_setParameters  observe.o
    0x08014074   0x08014074   0x000009a4   Code   RO        12922    i.observe_step      observe.o
    0x08014a18   0x08014a18   0x00000024   Code   RO         7873    i.osAlarmHeapInfo   los_heap.o
    0x08014a3c   0x08014a3c   0x00000024   Code   RO         8074    i.osAtomicBitsetClearBit  los_slab.o
    0x08014a60   0x08014a60   0x00000050   Code   RO         8075    i.osAtomicBitsetFindClearAndSet  los_slab.o
    0x08014ab0   0x08014ab0   0x0000002a   Code   RO         8076    i.osAtomicBitsetGetBit  los_slab.o
    0x08014ada   0x08014ada   0x00000006   Code   RO         8194    i.osAtomicBitsetGetNumBits  los_slab.o
    0x08014ae0   0x08014ae0   0x0000002e   Code   RO         8077    i.osAtomicBitsetInit  los_slab.o
    0x08014b0e   0x08014b0e   0x0000001a   Code   RO         7875    i.osHeapPrvGetNext  los_heap.o
    0x08014b28   0x08014b28   0x00000060   Code   RO         7876    i.osHeapStatisticsGet  los_heap.o
    0x08014b88   0x08014b88   0x0000003c   Code   RO         8482    i.osHwiDefaultHandler  los_hwi.o
    0x08014bc4   0x08014bc4   0x0000004c   Code   RO         8483    i.osHwiInit         los_hwi.o
    0x08014c10   0x08014c10   0x00000004   Code   RO         8346    i.osIdleTask        los_init.o
    0x08014c14   0x08014c14   0x0000004c   Code   RO         7145    i.osIdleTaskCreate  los_task.o
    0x08014c60   0x08014c60   0x0000000c   Code   RO         8484    i.osIntNumGet       los_hwi.o
    0x08014c6c   0x08014c6c   0x00000060   Code   RO         8485    i.osInterrupt       los_hwi.o
    0x08014ccc   0x08014ccc   0x0000013c   Code   RO         8347    i.osMain            los_init.o
    0x08014e08   0x08014e08   0x00000018   Code   RO         8015    i.osMemSystemInit   los_memory.o
    0x08014e20   0x08014e20   0x00000060   Code   RO         7558    i.osMuxInit         los_mux.o
    0x08014e80   0x08014e80   0x00000018   Code   RO         6833    i.osPriqueueDequeue  los_priqueue.o
    0x08014e98   0x08014e98   0x00000024   Code   RO         6834    i.osPriqueueEnqueue  los_priqueue.o
    0x08014ebc   0x08014ebc   0x00000048   Code   RO         6835    i.osPriqueueInit    los_priqueue.o
    0x08014f04   0x08014f04   0x00000028   Code   RO         6836    i.osPriqueueSize    los_priqueue.o
    0x08014f2c   0x08014f2c   0x0000003c   Code   RO         6837    i.osPriqueueTop     los_priqueue.o
    0x08014f68   0x08014f68   0x000000f0   Code   RO         7652    i.osQueueBufferOperate  los_queue.o
    0x08015058   0x08015058   0x00000070   Code   RO         7653    i.osQueueInit       los_queue.o
    0x080150c8   0x080150c8   0x00000188   Code   RO         7656    i.osQueueOperate    los_queue.o
    0x08015250   0x08015250   0x0000003c   Code   RO         7657    i.osQueueReadParameterCheck  los_queue.o
    0x0801528c   0x0801528c   0x00000038   Code   RO         7658    i.osQueueWriteParameterCheck  los_queue.o
    0x080152c4   0x080152c4   0x0000000c   Code   RO         8348    i.osRegister        los_init.o
    0x080152d0   0x080152d0   0x00000008   Code   RO         8405    i.osSchedule        los_hw.o
    0x080152d8   0x080152d8   0x000000bc   Code   RO         7794    i.osSemCreate       los_sem.o
    0x08015394   0x08015394   0x00000060   Code   RO         7795    i.osSemInit         los_sem.o
    0x080153f4   0x080153f4   0x00000020   Code   RO         8080    i.osSlabAllocatorAlloc  los_slab.o
    0x08015414   0x08015414   0x0000004e   Code   RO         8084    i.osSlabAllocatorFree  los_slab.o
    0x08015462   0x08015462   0x0000005a   Code   RO         8091    i.osSlabAllocatorNew  los_slab.o
    0x080154bc   0x080154bc   0x00000012   Code   RO         8208    i.osSlabBlockHeadFill  los_slabmem.o
    0x080154ce   0x080154ce   0x00000008   Code   RO         8209    i.osSlabCtrlHdrGet  los_slabmem.o
    0x080154d6   0x080154d6   0x00000090   Code   RO         8211    i.osSlabMemAlloc    los_slabmem.o
    0x08015566   0x08015566   0x00000076   Code   RO         8214    i.osSlabMemFree     los_slabmem.o
    0x080155dc   0x080155dc   0x000000ac   Code   RO         8215    i.osSlabMemInit     los_slabmem.o
    0x08015688   0x08015688   0x00000090   Code   RO         6917    i.osSwTmrInit       los_swtmr.o
    0x08015718   0x08015718   0x0000004c   Code   RO         6918    i.osSwTmrStart      los_swtmr.o
    0x08015764   0x08015764   0x00000094   Code   RO         6919    i.osSwTmrTask       los_swtmr.o
    0x080157f8   0x080157f8   0x00000044   Code   RO         6920    i.osSwTmrTaskCreate  los_swtmr.o
    0x0801583c   0x0801583c   0x00000080   Code   RO         6921    i.osSwTmrTimeoutHandle  los_swtmr.o
    0x080158bc   0x080158bc   0x00000014   Code   RO         6923    i.osSwtmrDelete     los_swtmr.o
    0x080158d0   0x080158d0   0x00000024   Code   RO         6924    i.osSwtmrScan       los_swtmr.o
    0x080158f4   0x080158f4   0x000000c0   Code   RO         7146    i.osTaskAdd2TimerList  los_task.o
    0x080159b4   0x080159b4   0x00000038   Code   RO         7147    i.osTaskEntry       los_task.o
    0x080159ec   0x080159ec   0x00000008   Code   RO         8406    i.osTaskExit        los_hw.o
    0x080159f4   0x080159f4   0x00000124   Code   RO         7148    i.osTaskInit        los_task.o
    0x08015b18   0x08015b18   0x0000001c   Code   RO         7149    i.osTaskMonInit     los_task.o
    0x08015b34   0x08015b34   0x000000dc   Code   RO         7151    i.osTaskScan        los_task.o
    0x08015c10   0x08015c10   0x000000fc   Code   RO         7152    i.osTaskSelfDelete  los_task.o
    0x08015d0c   0x08015d0c   0x0000012c   Code   RO         7153    i.osTaskSwitchCheck  los_task.o
    0x08015e38   0x08015e38   0x0000004c   Code   RO         7154    i.osTaskWait        los_task.o
    0x08015e84   0x08015e84   0x00000046   Code   RO         7155    i.osTaskWake        los_task.o
    0x08015eca   0x08015eca   0x00000002   PAD
    0x08015ecc   0x08015ecc   0x00000028   Code   RO         7405    i.osTickHandler     los_tick.o
    0x08015ef4   0x08015ef4   0x000000c4   Code   RO         8447    i.osTickStart       los_hw_tick.o
    0x08015fb8   0x08015fb8   0x00000048   Code   RO         7156    i.osTimerListDelete  los_task.o
    0x08016000   0x08016000   0x0000004c   Code   RO         7441    i.osTimesliceCheck  los_timeslice.o
    0x0801604c   0x0801604c   0x00000010   Code   RO         7442    i.osTimesliceInit   los_timeslice.o
    0x0801605c   0x0801605c   0x00000140   Code   RO         8407    i.osTskStackInit    los_hw.o
    0x0801619c   0x0801619c   0x00000100   Code   RO        14403    i.output_buffer     commandline.o
    0x0801629c   0x0801629c   0x00000434   Code   RO        10954    i.pbuf_alloc        pbuf.o
    0x080166d0   0x080166d0   0x00000118   Code   RO        10955    i.pbuf_alloced_custom  pbuf.o
    0x080167e8   0x080167e8   0x00000184   Code   RO        10956    i.pbuf_cat          pbuf.o
    0x0801696c   0x0801696c   0x00000016   Code   RO        10957    i.pbuf_chain        pbuf.o
    0x08016982   0x08016982   0x00000012   Code   RO        10958    i.pbuf_clen         pbuf.o
    0x08016994   0x08016994   0x00000274   Code   RO        10960    i.pbuf_copy         pbuf.o
    0x08016c08   0x08016c08   0x0000015c   Code   RO        10961    i.pbuf_copy_partial  pbuf.o
    0x08016d64   0x08016d64   0x000001c0   Code   RO        10963    i.pbuf_free         pbuf.o
    0x08016f24   0x08016f24   0x00000012   Code   RO        10965    i.pbuf_header       pbuf.o
    0x08016f36   0x08016f36   0x00000012   Code   RO        10966    i.pbuf_header_force  pbuf.o
    0x08016f48   0x08016f48   0x000001a0   Code   RO        10967    i.pbuf_header_impl  pbuf.o
    0x080170e8   0x080170e8   0x0000002a   Code   RO        10970    i.pbuf_put_at       pbuf.o
    0x08017112   0x08017112   0x00000002   PAD
    0x08017114   0x08017114   0x000001e8   Code   RO        10971    i.pbuf_realloc      pbuf.o
    0x080172fc   0x080172fc   0x000000a8   Code   RO        10972    i.pbuf_ref          pbuf.o
    0x080173a4   0x080173a4   0x0000001c   Code   RO        10973    i.pbuf_skip         pbuf.o
    0x080173c0   0x080173c0   0x00000022   Code   RO        10974    i.pbuf_skip_const   pbuf.o
    0x080173e2   0x080173e2   0x00000002   PAD
    0x080173e4   0x080173e4   0x00000208   Code   RO        10976    i.pbuf_take         pbuf.o
    0x080175ec   0x080175ec   0x00000076   Code   RO        10977    i.pbuf_take_at      pbuf.o
    0x08017662   0x08017662   0x0000002e   Code   RO        10978    i.pbuf_try_get_at   pbuf.o
    0x08017690   0x08017690   0x0000011c   Code   RO         8968    i.pcb_new           api_msg.o
    0x080177ac   0x080177ac   0x000001d0   Code   RO        10671    i.plug_holes        mem.o
    0x0801797c   0x0801797c   0x0000010c   Code   RO         8969    i.poll_tcp          api_msg.o
    0x08017a88   0x08017a88   0x00000024   Code   RO        14406    i.print_indent      commandline.o
    0x08017aac   0x08017aac   0x0000003a   Code   RO        13694    i.prv_add_ac_val    object_access_control.o
    0x08017ae6   0x08017ae6   0x00000056   Code   RO        13235    i.prv_checkFinished  transaction.o
    0x08017b3c   0x08017b3c   0x000000ac   Code   RO        13912    i.prv_check_time_offset  object_device.o
    0x08017be8   0x08017be8   0x00000058   Code   RO        13695    i.prv_create        object_access_control.o
    0x08017c40   0x08017c40   0x00000052   Code   RO        14320    i.prv_create        test_object.o
    0x08017c92   0x08017c92   0x00000052   Code   RO        14534    i.prv_create        platform_object.o
    0x08017ce4   0x08017ce4   0x000000b0   Code   RO        13158    i.prv_createHeader  tlv.o
    0x08017d94   0x08017d94   0x0000002c   Code   RO        13696    i.prv_delete        object_access_control.o
    0x08017dc0   0x08017dc0   0x00000024   Code   RO        14321    i.prv_delete        test_object.o
    0x08017de4   0x08017de4   0x00000024   Code   RO        14535    i.prv_delete        platform_object.o
    0x08017e08   0x08017e08   0x00000020   Code   RO        12608    i.prv_deleteBootstrapServer  liblwm2m.o
    0x08017e28   0x08017e28   0x0000001e   Code   RO        12609    i.prv_deleteBootstrapServerList  liblwm2m.o
    0x08017e46   0x08017e46   0x00000038   Code   RO        12610    i.prv_deleteObservedList  liblwm2m.o
    0x08017e7e   0x08017e7e   0x0000002a   Code   RO        12611    i.prv_deleteServer  liblwm2m.o
    0x08017ea8   0x08017ea8   0x0000001e   Code   RO        12612    i.prv_deleteServerList  liblwm2m.o
    0x08017ec6   0x08017ec6   0x0000001e   Code   RO        12613    i.prv_deleteTransactionList  liblwm2m.o
    0x08017ee4   0x08017ee4   0x000000c0   Code   RO        13913    i.prv_device_discover  object_device.o
    0x08017fa4   0x08017fa4   0x000000a4   Code   RO        13914    i.prv_device_execute  object_device.o
    0x08018048   0x08018048   0x00000084   Code   RO        13915    i.prv_device_read   object_device.o
    0x080180cc   0x080180cc   0x000000e6   Code   RO        13916    i.prv_device_write  object_device.o
    0x080181b2   0x080181b2   0x0000006c   Code   RO        14322    i.prv_discover      test_object.o
    0x0801821e   0x0801821e   0x0000006c   Code   RO        14536    i.prv_discover      platform_object.o
    0x0801828a   0x0801828a   0x00000002   PAD
    0x0801828c   0x0801828c   0x00000040   Code   RO        13359    i.prv_encodeBlock   utils.o
    0x080182cc   0x080182cc   0x00000078   Code   RO        13159    i.prv_encodeFloat   tlv.o
    0x08018344   0x08018344   0x000000a4   Code   RO        13160    i.prv_encodeInt     tlv.o
    0x080183e8   0x080183e8   0x00000030   Code   RO        13839    i.prv_exec          object_connectivity_stat.o
    0x08018418   0x08018418   0x000000bc   Code   RO        14323    i.prv_exec          test_object.o
    0x080184d4   0x080184d4   0x000000bc   Code   RO        14537    i.prv_exec          platform_object.o
    0x08018590   0x08018590   0x00000048   Code   RO        12540    i.prv_findAttributes  discover.o
    0x080185d8   0x080185d8   0x0000003e   Code   RO        12923    i.prv_findObserved  observe.o
    0x08018616   0x08018616   0x0000007c   Code   RO        12800    i.prv_findServerInstance  objects.o
    0x08018692   0x08018692   0x00000012   Code   RO        12924    i.prv_findWatcher   observe.o
    0x080186a4   0x080186a4   0x00000060   Code   RO        13998    i.prv_firmware_execute  object_firmware.o
    0x08018704   0x08018704   0x000000c0   Code   RO        13999    i.prv_firmware_read  object_firmware.o
    0x080187c4   0x080187c4   0x0000006e   Code   RO        14000    i.prv_firmware_write  object_firmware.o
    0x08018832   0x08018832   0x00000030   Code   RO        13161    i.prv_getDataType   tlv.o
    0x08018862   0x08018862   0x00000024   Code   RO        13162    i.prv_getHeaderLength  tlv.o
    0x08018886   0x08018886   0x00000034   Code   RO        13163    i.prv_getHeaderType  tlv.o
    0x080188ba   0x080188ba   0x00000002   PAD
    0x080188bc   0x080188bc   0x00000148   Code   RO        13164    i.prv_getLength     tlv.o
    0x08018a04   0x08018a04   0x000000a6   Code   RO        12801    i.prv_getMandatoryInfo  objects.o
    0x08018aaa   0x08018aaa   0x0000004c   Code   RO        12802    i.prv_getObjectTemplate  objects.o
    0x08018af6   0x08018af6   0x00000002   PAD
    0x08018af8   0x08018af8   0x00000184   Code   RO        13065    i.prv_getRegistrationQuery  registration.o
    0x08018c7c   0x08018c7c   0x00000076   Code   RO        13066    i.prv_getRegistrationQueryLength  registration.o
    0x08018cf2   0x08018cf2   0x00000088   Code   RO        12925    i.prv_getWatcher    observe.o
    0x08018d7a   0x08018d7a   0x000000e0   Code   RO        14130    i.prv_get_value     object_security.o
    0x08018e5a   0x08018e5a   0x00000090   Code   RO        14198    i.prv_get_value     object_server.o
    0x08018eea   0x08018eea   0x00000012   Code   RO        13067    i.prv_handleDeregistrationReply  registration.o
    0x08018efc   0x08018efc   0x000000c0   Code   RO        13068    i.prv_handleRegistrationReply  registration.o
    0x08018fbc   0x08018fbc   0x000000ac   Code   RO        13069    i.prv_handleRegistrationUpdateReply  registration.o
    0x08019068   0x08019068   0x00000084   Code   RO        14061    i.prv_location_read  object_location.o
    0x080190ec   0x080190ec   0x000000c0   Code   RO        14324    i.prv_output_buffer  test_object.o
    0x080191ac   0x080191ac   0x000000c0   Code   RO        14538    i.prv_output_buffer  platform_object.o
    0x0801926c   0x0801926c   0x0000005a   Code   RO        13305    i.prv_parseNumber   uri_1.o
    0x080192c6   0x080192c6   0x00000002   PAD
    0x080192c8   0x080192c8   0x000000c0   Code   RO        13697    i.prv_read          object_access_control.o
    0x08019388   0x08019388   0x00000084   Code   RO        13781    i.prv_read          object_connectivity_moni.o
    0x0801940c   0x0801940c   0x0000007c   Code   RO        13840    i.prv_read          object_connectivity_stat.o
    0x08019488   0x08019488   0x00000108   Code   RO        14325    i.prv_read          test_object.o
    0x08019590   0x08019590   0x00000108   Code   RO        14539    i.prv_read          platform_object.o
    0x08019698   0x08019698   0x00000320   Code   RO        12755    i.prv_readAttributes  management.o
    0x080199b8   0x080199b8   0x0000006e   Code   RO        12614    i.prv_refreshServerList  liblwm2m.o
    0x08019a26   0x08019a26   0x00000002   PAD
    0x08019a28   0x08019a28   0x00000150   Code   RO        13070    i.prv_register      registration.o
    0x08019b78   0x08019b78   0x000000f0   Code   RO        14062    i.prv_res2tlv       object_location.o
    0x08019c68   0x08019c68   0x0000002a   Code   RO        13841    i.prv_resetCounter  object_connectivity_stat.o
    0x08019c92   0x08019c92   0x00000002   PAD
    0x08019c94   0x08019c94   0x0000008c   Code   RO        14131    i.prv_security_read  object_security.o
    0x08019d20   0x08019d20   0x000002c4   Code   RO        12541    i.prv_serializeAttributes  discover.o
    0x08019fe4   0x08019fe4   0x000002a0   Code   RO        12542    i.prv_serializeLinkData  discover.o
    0x0801a284   0x0801a284   0x00000052   Code   RO        14199    i.prv_server_create  object_server.o
    0x0801a2d6   0x0801a2d6   0x00000024   Code   RO        14200    i.prv_server_delete  object_server.o
    0x0801a2fa   0x0801a2fa   0x00000002   PAD
    0x0801a2fc   0x0801a2fc   0x000000a0   Code   RO        14201    i.prv_server_discover  object_server.o
    0x0801a39c   0x0801a39c   0x00000040   Code   RO        14202    i.prv_server_execute  object_server.o
    0x0801a3dc   0x0801a3dc   0x00000088   Code   RO        14203    i.prv_server_read   object_server.o
    0x0801a464   0x0801a464   0x000001bc   Code   RO        14204    i.prv_server_write  object_server.o
    0x0801a620   0x0801a620   0x00000028   Code   RO        12414    i.prv_setBuffer     data.o
    0x0801a648   0x0801a648   0x00000040   Code   RO        14205    i.prv_set_int_value  object_server.o
    0x0801a688   0x0801a688   0x0000009e   Code   RO        13698    i.prv_set_tlv       object_access_control.o
    0x0801a726   0x0801a726   0x00000098   Code   RO        13842    i.prv_set_tlv       object_connectivity_stat.o
    0x0801a7be   0x0801a7be   0x00000002   PAD
    0x0801a7c0   0x0801a7c0   0x00000154   Code   RO        13782    i.prv_set_value     object_connectivity_moni.o
    0x0801a914   0x0801a914   0x000001d8   Code   RO        13917    i.prv_set_value     object_device.o
    0x0801aaec   0x0801aaec   0x00000184   Code   RO        12415    i.prv_textSerialize  data.o
    0x0801ac70   0x0801ac70   0x0000002e   Code   RO        12926    i.prv_unlinkObserved  observe.o
    0x0801ac9e   0x0801ac9e   0x00000002   PAD
    0x0801aca0   0x0801aca0   0x000000bc   Code   RO        13071    i.prv_updateRegistration  registration.o
    0x0801ad5c   0x0801ad5c   0x0000001c   Code   RO        13699    i.prv_write         object_access_control.o
    0x0801ad78   0x0801ad78   0x000000bc   Code   RO        14326    i.prv_write         test_object.o
    0x0801ae34   0x0801ae34   0x000000bc   Code   RO        14540    i.prv_write         platform_object.o
    0x0801aef0   0x0801aef0   0x000001e4   Code   RO        13700    i.prv_write_resources  object_access_control.o
    0x0801b0d4   0x0801b0d4   0x00000198   Code   RO         8970    i.recv_tcp          api_msg.o
    0x0801b26c   0x0801b26c   0x0000019c   Code   RO         8971    i.recv_udp          api_msg.o
    0x0801b408   0x0801b408   0x00000344   Code   RO        13072    i.registration_deregister  registration.o
    0x0801b74c   0x0801b74c   0x000003cc   Code   RO        13073    i.registration_getStatus  registration.o
    0x0801bb18   0x0801bb18   0x0000010c   Code   RO        13074    i.registration_start  registration.o
    0x0801bc24   0x0801bc24   0x00000200   Code   RO        13075    i.registration_step  registration.o
    0x0801be24   0x0801be24   0x000000f8   Code   RO         8972    i.sent_tcp          api_msg.o
    0x0801bf1c   0x0801bf1c   0x00000044   Code   RO         8973    i.setup_tcp         api_msg.o
    0x0801bf60   0x0801bf60   0x00000016   Code   RO         8637    i.sys_arch_mbox_fetch  sys_arch.o
    0x0801bf76   0x0801bf76   0x000000f6   Code   RO         8638    i.sys_arch_mbox_fetch_ext  sys_arch.o
    0x0801c06c   0x0801c06c   0x00000084   Code   RO         8640    i.sys_arch_sem_wait  sys_arch.o
    0x0801c0f0   0x0801c0f0   0x00000080   Code   RO        11679    i.sys_check_timeouts  timeouts.o
    0x0801c170   0x0801c170   0x00000002   Code   RO         8642    i.sys_init          sys_arch.o
    0x0801c172   0x0801c172   0x00000042   Code   RO         8643    i.sys_mbox_free     sys_arch.o
    0x0801c1b4   0x0801c1b4   0x000000cc   Code   RO         8644    i.sys_mbox_new      sys_arch.o
    0x0801c280   0x0801c280   0x0000006e   Code   RO         8645    i.sys_mbox_post     sys_arch.o
    0x0801c2ee   0x0801c2ee   0x0000005e   Code   RO         8646    i.sys_mbox_trypost  sys_arch.o
    0x0801c34c   0x0801c34c   0x00000028   Code   RO         8647    i.sys_now           sys_arch.o
    0x0801c374   0x0801c374   0x000000a8   Code   RO         8648    i.sys_sem_free      sys_arch.o
    0x0801c41c   0x0801c41c   0x000000d8   Code   RO         8649    i.sys_sem_new       sys_arch.o
    0x0801c4f4   0x0801c4f4   0x0000001a   Code   RO         8650    i.sys_sem_signal    sys_arch.o
    0x0801c50e   0x0801c50e   0x0000004a   Code   RO         8651    i.sys_thread_new    sys_arch.o
    0x0801c558   0x0801c558   0x00000194   Code   RO        11681    i.sys_timeout       timeouts.o
    0x0801c6ec   0x0801c6ec   0x00000034   Code   RO        11682    i.sys_timeouts_init  timeouts.o
    0x0801c720   0x0801c720   0x00000040   Code   RO        11683    i.sys_timeouts_mbox_fetch  timeouts.o
    0x0801c760   0x0801c760   0x00000038   Code   RO        11684    i.sys_timeouts_sleeptime  timeouts.o
    0x0801c798   0x0801c798   0x00000002   Code   RO        14286    i.system_reboot     system_api.o
    0x0801c79a   0x0801c79a   0x00000002   PAD
    0x0801c79c   0x0801c79c   0x000000d8   Code   RO           16    i.task1             main.o
    0x0801c874   0x0801c874   0x0000000c   Code   RO           17    i.task2             main.o
    0x0801c880   0x0801c880   0x000001a4   Code   RO        11183    i.tcp_abandon       tcp.o
    0x0801ca24   0x0801ca24   0x0000000e   Code   RO        11184    i.tcp_abort         tcp.o
    0x0801ca32   0x0801ca32   0x00000010   Code   RO        11185    i.tcp_accept        tcp.o
    0x0801ca42   0x0801ca42   0x00000002   PAD
    0x0801ca44   0x0801ca44   0x000000b8   Code   RO        11187    i.tcp_alloc         tcp.o
    0x0801cafc   0x0801cafc   0x00000006   Code   RO        11188    i.tcp_arg           tcp.o
    0x0801cb02   0x0801cb02   0x00000002   PAD
    0x0801cb04   0x0801cb04   0x000000e4   Code   RO        11189    i.tcp_backlog_accepted  tcp.o
    0x0801cbe8   0x0801cbe8   0x00000148   Code   RO        11191    i.tcp_bind          tcp.o
    0x0801cd30   0x0801cd30   0x0000001c   Code   RO        11192    i.tcp_close         tcp.o
    0x0801cd4c   0x0801cd4c   0x00000204   Code   RO        11193    i.tcp_close_shutdown  tcp.o
    0x0801cf50   0x0801cf50   0x000000f8   Code   RO        11194    i.tcp_close_shutdown_fin  tcp.o
    0x0801d048   0x0801d048   0x000001ec   Code   RO        11195    i.tcp_connect       tcp.o
    0x0801d234   0x0801d234   0x0000015c   Code   RO        11561    i.tcp_create_segment  tcp_out.o
    0x0801d390   0x0801d390   0x0000003a   Code   RO        11197    i.tcp_eff_send_mss_impl  tcp.o
    0x0801d3ca   0x0801d3ca   0x00000002   PAD
    0x0801d3cc   0x0801d3cc   0x000002a0   Code   RO        11562    i.tcp_enqueue_flags  tcp_out.o
    0x0801d66c   0x0801d66c   0x000000b8   Code   RO        11198    i.tcp_err           tcp.o
    0x0801d724   0x0801d724   0x00000090   Code   RO        11199    i.tcp_fasttmr       tcp.o
    0x0801d7b4   0x0801d7b4   0x00000058   Code   RO        11485    i.tcp_getoptbyte    tcp_in.o
    0x0801d80c   0x0801d80c   0x00000002   Code   RO        11200    i.tcp_init          tcp.o
    0x0801d80e   0x0801d80e   0x00000002   PAD
    0x0801d810   0x0801d810   0x00000794   Code   RO        11486    i.tcp_input         tcp_in.o
    0x0801dfa4   0x0801dfa4   0x0000004c   Code   RO        11487    i.tcp_input_delayed_close  tcp_in.o
    0x0801dff0   0x0801dff0   0x0000005a   Code   RO        11563    i.tcp_keepalive     tcp_out.o
    0x0801e04a   0x0801e04a   0x00000002   PAD
    0x0801e04c   0x0801e04c   0x00000058   Code   RO        11201    i.tcp_kill_prio     tcp.o
    0x0801e0a4   0x0801e0a4   0x000000dc   Code   RO        11202    i.tcp_kill_state    tcp.o
    0x0801e180   0x0801e180   0x0000003c   Code   RO        11203    i.tcp_kill_timewait  tcp.o
    0x0801e1bc   0x0801e1bc   0x000000dc   Code   RO        11204    i.tcp_listen_closed  tcp.o
    0x0801e298   0x0801e298   0x00000160   Code   RO        11488    i.tcp_listen_input  tcp_in.o
    0x0801e3f8   0x0801e3f8   0x00000054   Code   RO        11207    i.tcp_netif_ip_addr_changed  tcp.o
    0x0801e44c   0x0801e44c   0x0000002a   Code   RO        11208    i.tcp_netif_ip_addr_changed_pcblist  tcp.o
    0x0801e476   0x0801e476   0x00000010   Code   RO        11210    i.tcp_new_ip_type   tcp.o
    0x0801e486   0x0801e486   0x00000002   PAD
    0x0801e488   0x0801e488   0x00000068   Code   RO        11211    i.tcp_new_port      tcp.o
    0x0801e4f0   0x0801e4f0   0x00000020   Code   RO        11212    i.tcp_next_iss      tcp.o
    0x0801e510   0x0801e510   0x0000032c   Code   RO        11564    i.tcp_output        tcp_out.o
    0x0801e83c   0x0801e83c   0x00000130   Code   RO        11565    i.tcp_output_alloc_header  tcp_out.o
    0x0801e96c   0x0801e96c   0x000000c4   Code   RO        11566    i.tcp_output_segment  tcp_out.o
    0x0801ea30   0x0801ea30   0x000000a0   Code   RO        11489    i.tcp_parseopt      tcp_in.o
    0x0801ead0   0x0801ead0   0x0000010c   Code   RO        11567    i.tcp_pbuf_prealloc  tcp_out.o
    0x0801ebdc   0x0801ebdc   0x00000046   Code   RO        11213    i.tcp_pcb_purge     tcp.o
    0x0801ec22   0x0801ec22   0x00000002   PAD
    0x0801ec24   0x0801ec24   0x0000013c   Code   RO        11214    i.tcp_pcb_remove    tcp.o
    0x0801ed60   0x0801ed60   0x000000b0   Code   RO        11215    i.tcp_poll          tcp.o
    0x0801ee10   0x0801ee10   0x000006f0   Code   RO        11490    i.tcp_process       tcp_in.o
    0x0801f500   0x0801f500   0x00000092   Code   RO        11216    i.tcp_process_refused_data  tcp.o
    0x0801f592   0x0801f592   0x00000002   PAD
    0x0801f594   0x0801f594   0x000008c8   Code   RO        11491    i.tcp_receive       tcp_in.o
    0x0801fe5c   0x0801fe5c   0x000000b8   Code   RO        11217    i.tcp_recv          tcp.o
    0x0801ff14   0x0801ff14   0x0000002e   Code   RO        11218    i.tcp_recv_null     tcp.o
    0x0801ff42   0x0801ff42   0x00000002   PAD
    0x0801ff44   0x0801ff44   0x0000013c   Code   RO        11219    i.tcp_recved        tcp.o
    0x08020080   0x08020080   0x00000018   Code   RO        11220    i.tcp_remove_listener  tcp.o
    0x08020098   0x08020098   0x00000062   Code   RO        11568    i.tcp_rexmit        tcp_out.o
    0x080200fa   0x080200fa   0x0000006e   Code   RO        11569    i.tcp_rexmit_fast   tcp_out.o
    0x08020168   0x08020168   0x00000042   Code   RO        11570    i.tcp_rexmit_rto    tcp_out.o
    0x080201aa   0x080201aa   0x00000002   PAD
    0x080201ac   0x080201ac   0x00000138   Code   RO        11571    i.tcp_rst           tcp_out.o
    0x080202e4   0x080202e4   0x0000001a   Code   RO        11221    i.tcp_seg_free      tcp.o
    0x080202fe   0x080202fe   0x00000018   Code   RO        11222    i.tcp_segs_free     tcp.o
    0x08020316   0x08020316   0x00000076   Code   RO        11572    i.tcp_send_empty_ack  tcp_out.o
    0x0802038c   0x0802038c   0x0000004a   Code   RO        11573    i.tcp_send_fin      tcp_out.o
    0x080203d6   0x080203d6   0x00000002   PAD
    0x080203d8   0x080203d8   0x000000b8   Code   RO        11223    i.tcp_sent          tcp.o
    0x08020490   0x08020490   0x00000062   Code   RO        11225    i.tcp_shutdown      tcp.o
    0x080204f2   0x080204f2   0x00000002   PAD
    0x080204f4   0x080204f4   0x00000608   Code   RO        11226    i.tcp_slowtmr       tcp.o
    0x08020afc   0x08020afc   0x00000038   Code   RO        11686    i.tcp_timer_needed  timeouts.o
    0x08020b34   0x08020b34   0x000000a4   Code   RO        11492    i.tcp_timewait_input  tcp_in.o
    0x08020bd8   0x08020bd8   0x00000024   Code   RO        11227    i.tcp_tmr           tcp.o
    0x08020bfc   0x08020bfc   0x00000014   Code   RO        11493    i.tcp_trigger_input_pcb_close  tcp_in.o
    0x08020c10   0x08020c10   0x000000e8   Code   RO        11229    i.tcp_update_rcv_ann_wnd  tcp.o
    0x08020cf8   0x08020cf8   0x00000810   Code   RO        11574    i.tcp_write         tcp_out.o
    0x08021508   0x08021508   0x00000188   Code   RO        11575    i.tcp_write_checks  tcp_out.o
    0x08021690   0x08021690   0x000000de   Code   RO        11576    i.tcp_zero_window_probe  tcp_out.o
    0x0802176e   0x0802176e   0x00000002   PAD
    0x08021770   0x08021770   0x000000e0   Code   RO         9589    i.tcpip_callback_with_block  tcpip.o
    0x08021850   0x08021850   0x0000013c   Code   RO         9592    i.tcpip_init        tcpip.o
    0x0802198c   0x0802198c   0x000000d8   Code   RO         9593    i.tcpip_inpkt       tcpip.o
    0x08021a64   0x08021a64   0x00000030   Code   RO         9594    i.tcpip_input       tcpip.o
    0x08021a94   0x08021a94   0x00000024   Code   RO         9595    i.tcpip_send_msg_wait_sem  tcpip.o
    0x08021ab8   0x08021ab8   0x00000038   Code   RO        11687    i.tcpip_tcp_timer   timeouts.o
    0x08021af0   0x08021af0   0x00000140   Code   RO         9596    i.tcpip_thread      tcpip.o
    0x08021c30   0x08021c30   0x0000010c   Code   RO        13165    i.tlv_parse         tlv.o
    0x08021d3c   0x08021d3c   0x000002d8   Code   RO        13166    i.tlv_serialize     tlv.o
    0x08022014   0x08022014   0x00000048   Code   RO        13236    i.transaction_free  transaction.o
    0x0802205c   0x0802205c   0x0000011c   Code   RO        13237    i.transaction_handleResponse  transaction.o
    0x08022178   0x08022178   0x00000254   Code   RO        13238    i.transaction_new   transaction.o
    0x080223cc   0x080223cc   0x00000040   Code   RO        13239    i.transaction_remove  transaction.o
    0x0802240c   0x0802240c   0x00000114   Code   RO        13240    i.transaction_send  transaction.o
    0x08022520   0x08022520   0x00000078   Code   RO        13241    i.transaction_step  transaction.o
    0x08022598   0x08022598   0x00000030   Code   RO         9390    i.tryget_socket     sockets.o
    0x080225c8   0x080225c8   0x00000094   Code   RO        11759    i.udp_bind          udp.o
    0x0802265c   0x0802265c   0x0000006c   Code   RO        11760    i.udp_connect       udp.o
    0x080226c8   0x080226c8   0x00000010   Code   RO        11761    i.udp_disconnect    udp.o
    0x080226d8   0x080226d8   0x00000002   Code   RO        11762    i.udp_init          udp.o
    0x080226da   0x080226da   0x00000002   PAD
    0x080226dc   0x080226dc   0x000001c8   Code   RO        11763    i.udp_input         udp.o
    0x080228a4   0x080228a4   0x00000048   Code   RO        11764    i.udp_input_local_match  udp.o
    0x080228ec   0x080228ec   0x00000030   Code   RO        11765    i.udp_netif_ip_addr_changed  udp.o
    0x0802291c   0x0802291c   0x0000001c   Code   RO        11766    i.udp_new           udp.o
    0x08022938   0x08022938   0x0000000e   Code   RO        11767    i.udp_new_ip_type   udp.o
    0x08022946   0x08022946   0x00000002   PAD
    0x08022948   0x08022948   0x00000058   Code   RO        11768    i.udp_new_port      udp.o
    0x080229a0   0x080229a0   0x00000006   Code   RO        11769    i.udp_recv          udp.o
    0x080229a6   0x080229a6   0x00000002   PAD
    0x080229a8   0x080229a8   0x00000044   Code   RO        11770    i.udp_remove        udp.o
    0x080229ec   0x080229ec   0x0000001e   Code   RO        11771    i.udp_send          udp.o
    0x08022a0a   0x08022a0a   0x0000003c   Code   RO        11772    i.udp_sendto        udp.o
    0x08022a46   0x08022a46   0x00000052   Code   RO        11773    i.udp_sendto_if     udp.o
    0x08022a98   0x08022a98   0x0000016c   Code   RO        11774    i.udp_sendto_if_src  udp.o
    0x08022c04   0x08022c04   0x000000ac   Code   RO        13610    i.update_battery_level  lwm2mclient.o
    0x08022cb0   0x08022cb0   0x00000230   Code   RO        13306    i.uri_decode        uri_1.o
    0x08022ee0   0x08022ee0   0x00000016   Code   RO        13307    i.uri_getNumber     uri_1.o
    0x08022ef6   0x08022ef6   0x00000002   PAD
    0x08022ef8   0x08022ef8   0x000001ac   Code   RO        13308    i.uri_toString      uri_1.o
    0x080230a4   0x080230a4   0x000000b8   Code   RO        13360    i.utils_base64Encode  utils.o
    0x0802315c   0x0802315c   0x0000001a   Code   RO        13361    i.utils_base64GetSize  utils.o
    0x08023176   0x08023176   0x00000054   Code   RO        13362    i.utils_convertMediaType  utils.o
    0x080231ca   0x080231ca   0x00000018   Code   RO        13363    i.utils_copyValue   utils.o
    0x080231e2   0x080231e2   0x00000020   Code   RO        13366    i.utils_findServer  utils.o
    0x08023202   0x08023202   0x00000002   PAD
    0x08023204   0x08023204   0x000001d4   Code   RO        13367    i.utils_floatToText  utils.o
    0x080233d8   0x080233d8   0x000000a0   Code   RO        13368    i.utils_intToText   utils.o
    0x08023478   0x08023478   0x00000072   Code   RO        13369    i.utils_isAltPathValid  utils.o
    0x080234ea   0x080234ea   0x0000002c   Code   RO        13370    i.utils_stringCopy  utils.o
    0x08023516   0x08023516   0x0000007e   Code   RO        13371    i.utils_stringToBinding  utils.o
    0x08023594   0x08023594   0x00000158   Code   RO        13372    i.utils_textToFloat  utils.o
    0x080236ec   0x080236ec   0x000000b0   Code   RO        13373    i.utils_textToInt   utils.o
    0x0802379c   0x0802379c   0x00000014   Data   RO         8487    .constdata          los_hwi.o
    0x080237b0   0x080237b0   0x00000044   Data   RO         9160    .constdata          err.o
    0x080237f4   0x080237f4   0x00000008   Data   RO        10199    .constdata          ip4_addr.o
    0x080237fc   0x080237fc   0x000000e0   Data   RO        10732    .constdata          memp.o
    0x080238dc   0x080238dc   0x00000050   Data   RO        11230    .constdata          tcp.o
    0x0802392c   0x0802392c   0x00000030   Data   RO        11688    .constdata          timeouts.o
    0x0802395c   0x0802395c   0x0000000c   Data   RO        11885    .constdata          ethernet.o
    0x08023968   0x08023968   0x00000164   Data   RO        12416    .constdata          data.o
    0x08023acc   0x08023acc   0x00000013   Data   RO        12543    .constdata          discover.o
    0x08023adf   0x08023adf   0x00000068   Data   RO        12615    .constdata          liblwm2m.o
    0x08023b47   0x08023b47   0x00000011   Data   RO        12756    .constdata          management.o
    0x08023b58   0x08023b58   0x0000011f   Data   RO        12803    .constdata          objects.o
    0x08023c77   0x08023c77   0x000000a5   Data   RO        12927    .constdata          observe.o
    0x08023d1c   0x08023d1c   0x0000003d   Data   RO        13017    .constdata          packet.o
    0x08023d59   0x08023d59   0x000000ac   Data   RO        13076    .constdata          registration.o
    0x08023e05   0x08023e05   0x00000029   Data   RO        13167    .constdata          tlv.o
    0x08023e2e   0x08023e2e   0x00000071   Data   RO        13242    .constdata          transaction.o
    0x08023e9f   0x08023e9f   0x0000002a   Data   RO        13309    .constdata          uri_1.o
    0x08023ec9   0x08023ec9   0x00000003   PAD
    0x08023ecc   0x08023ecc   0x00000008   Data   RO        13701    .constdata          object_access_control.o
    0x08023ed4   0x08023ed4   0x00000016   Data   RO        13783    .constdata          object_connectivity_moni.o
    0x08023eea   0x08023eea   0x00000002   PAD
    0x08023eec   0x08023eec   0x0000000c   Data   RO        13843    .constdata          object_connectivity_stat.o
    0x08023ef8   0x08023ef8   0x0000003e   Data   RO        13918    .constdata          object_device.o
    0x08023f36   0x08023f36   0x00000002   PAD
    0x08023f38   0x08023f38   0x0000000e   Data   RO        14063    .constdata          object_location.o
    0x08023f46   0x08023f46   0x00000002   PAD
    0x08023f48   0x08023f48   0x0000001a   Data   RO        14132    .constdata          object_security.o
    0x08023f62   0x08023f62   0x00000002   PAD
    0x08023f64   0x08023f64   0x00000022   Data   RO        14206    .constdata          object_server.o
    0x08023f86   0x08023f86   0x00000081   Data   RO        17127    .constdata          mc_w.l(ctype_o.o)
    0x08024007   0x08024007   0x00000001   PAD
    0x08024008   0x08024008   0x00000004   Data   RO        17128    .constdata          mc_w.l(ctype_o.o)
    0x0802400c   0x0802400c   0x0000008c   Data   RO         9750    .conststring        dhcp.o
    0x08024098   0x08024098   0x00000041   Data   RO         9968    .conststring        etharp.o
    0x080240d9   0x080240d9   0x00000003   PAD
    0x080240dc   0x080240dc   0x00000041   Data   RO        10597    .conststring        init.o
    0x0802411d   0x0802411d   0x00000003   PAD
    0x08024120   0x08024120   0x00000075   Data   RO        11231    .conststring        tcp.o
    0x08024195   0x08024195   0x00000003   PAD
    0x08024198   0x08024198   0x00000055   Data   RO        11577    .conststring        tcp_out.o
    0x080241ed   0x080241ed   0x00000003   PAD
    0x080241f0   0x080241f0   0x00000049   Data   RO        12616    .conststring        liblwm2m.o
    0x08024239   0x08024239   0x00000003   PAD
    0x0802423c   0x0802423c   0x000000cf   Data   RO        12928    .conststring        observe.o
    0x0802430b   0x0802430b   0x00000001   PAD
    0x0802430c   0x0802430c   0x00000135   Data   RO        13018    .conststring        packet.o
    0x08024441   0x08024441   0x00000003   PAD
    0x08024444   0x08024444   0x00000041   Data   RO        13612    .conststring        lwm2mclient.o
    0x08024485   0x08024485   0x00000003   PAD
    0x08024488   0x08024488   0x00000044   Data   RO        14327    .conststring        test_object.o
    0x080244cc   0x080244cc   0x00000030   Data   RO        17576    Region$$Table       anon$$obj.o


    Execution Region VECTOR (Exec base: 0x20000000, Load base: 0x080244fc, Size: 0x00000400, Max: 0x00000400, ABSOLUTE, COMPRESSED[0x00000018])

    Exec Addr    Load Addr    Size         Type   Attr      Idx    E Section Name        Object

    0x20000000   COMPRESSED   0x00000400   Data   RW         8489    .vector.bss         los_hwi.o


    Execution Region ARM_LIB_STACKHEAP (Exec base: 0x20000400, Load base: 0x08024514, Size: 0x00000400, Max: 0x00000400, ABSOLUTE)

    Exec Addr    Load Addr    Size         Type   Attr      Idx    E Section Name        Object

    0x20000400        -       0x00000400   Zero   RW            1    ARM_LIB_STACKHEAP.bss  anon$$obj.o


    Execution Region RW_IRAM1 (Exec base: 0x20000800, Load base: 0x08024514, Size: 0x0002b000, Max: 0x0002f800, ABSOLUTE, COMPRESSED[0x00000070])

    Exec Addr    Load Addr    Size         Type   Attr      Idx    E Section Name        Object

    0x20000800   COMPRESSED   0x00000018   Data   RW           19    .data               main.o
    0x20000818   COMPRESSED   0x00000014   Data   RW          555    .data               system_stm32f4xx.o
    0x2000082c   COMPRESSED   0x00000004   Data   RW          596    .data               dwt.o
    0x20000830   COMPRESSED   0x00000006   Data   RW          789    .data               lan8742a.o
    0x20000836   COMPRESSED   0x00000002   PAD
    0x20000838   COMPRESSED   0x00000010   Data   RW          931    .data               stm32f429_eth.o
    0x20000848   COMPRESSED   0x00000010   Data   RW         4222    .data               stm32f4xx_rcc.o
    0x20000858   COMPRESSED   0x00000004   Data   RW         6839    .data               los_priqueue.o
    0x2000085c   COMPRESSED   0x00000010   Data   RW         6927    .data               los_swtmr.o
    0x2000086c   COMPRESSED   0x00000048   Data   RW         7158    .data               los_task.o
    0x200008b4   COMPRESSED   0x00000004   PAD
    0x200008b8   COMPRESSED   0x00000014   Data   RW         7406    .data               los_tick.o
    0x200008cc   COMPRESSED   0x00000008   Data   RW         7443    .data               los_timeslice.o
    0x200008d4   COMPRESSED   0x0000000c   Data   RW         7559    .data               los_mux.o
    0x200008e0   COMPRESSED   0x0000000c   Data   RW         7659    .data               los_queue.o
    0x200008ec   COMPRESSED   0x0000000c   Data   RW         7796    .data               los_sem.o
    0x200008f8   COMPRESSED   0x00000008   Data   RW         7877    .data               los_heap.o
    0x20000900   COMPRESSED   0x00000004   Data   RW         8311    .data               los_err.o
    0x20000904   COMPRESSED   0x00000004   Data   RW         8488    .data               los_hwi.o
    0x20000908   COMPRESSED   0x00000004   Data   RW         8557    .data               ethernetif.o
    0x2000090c   COMPRESSED   0x00000001   Data   RW         8974    .data               api_msg.o
    0x2000090d   COMPRESSED   0x00000003   PAD
    0x20000910   COMPRESSED   0x0000000c   Data   RW         9392    .data               sockets.o
    0x2000091c   COMPRESSED   0x00000010   Data   RW         9598    .data               tcpip.o
    0x2000092c   COMPRESSED   0x00000010   Data   RW         9751    .data               dhcp.o
    0x2000093c   COMPRESSED   0x00000001   Data   RW         9969    .data               etharp.o
    0x2000093d   COMPRESSED   0x00000001   PAD
    0x2000093e   COMPRESSED   0x00000002   Data   RW        10133    .data               ip4.o
    0x20000940   COMPRESSED   0x00000006   Data   RW        10268    .data               ip4_frag.o
    0x20000946   COMPRESSED   0x00000002   PAD
    0x20000948   COMPRESSED   0x0000000c   Data   RW        10414    .data               dns.o
    0x20000954   COMPRESSED   0x00000010   Data   RW        10673    .data               mem.o
    0x20000964   COMPRESSED   0x00000038   Data   RW        10733    .data               memp.o
    0x2000099c   COMPRESSED   0x00000009   Data   RW        10840    .data               netif.o
    0x200009a5   COMPRESSED   0x00000003   PAD
    0x200009a8   COMPRESSED   0x00000020   Data   RW        11232    .data               tcp.o
    0x200009c8   COMPRESSED   0x00000028   Data   RW        11495    .data               tcp_in.o
    0x200009f0   COMPRESSED   0x0000000c   Data   RW        11689    .data               timeouts.o
    0x200009fc   COMPRESSED   0x00000008   Data   RW        11775    .data               udp.o
    0x20000a04   COMPRESSED   0x00000008   Data   RW        11983    .data               er-coap-13.o
    0x20000a0c   COMPRESSED   0x00000040   Data   RW        13374    .data               utils.o
    0x20000a4c   COMPRESSED   0x00000014   Data   RW        13613    .data               lwm2mclient.o
    0x20000a60   COMPRESSED   0x00000004   Data   RW        17118    .data               mc_w.l(stdout.o)
    0x20000a64   COMPRESSED   0x00000004   Data   RW        17119    .data               mc_w.l(stderr.o)
    0x20000a68   COMPRESSED   0x00000004   Data   RW        17155    .data               mc_w.l(rand.o)
    0x20000a6c   COMPRESSED   0x00000004   Data   RW        17543    .data               mc_w.l(mvars.o)
    0x20000a70   COMPRESSED   0x00000004   Data   RW        17548    .data               mc_w.l(errno.o)
    0x20000a74        -       0x00000038   Zero   RW           18    .bss                main.o
    0x20000aac        -       0x000000bc   Zero   RW          788    .bss                lan8742a.o
    0x20000b68        -       0x00003cd4   Zero   RW          930    .bss                stm32f429_eth.o
    0x2000483c        -       0x00020000   Zero   RW         8349    .bss                los_init.o
    0x2002483c        -       0x00000400   Zero   RW         8486    .bss                los_hwi.o
    0x20024c3c        -       0x00000050   Zero   RW         9391    .bss                sockets.o
    0x20024c8c        -       0x000000f0   Zero   RW         9967    .bss                etharp.o
    0x20024d7c        -       0x00000480   Zero   RW        10412    .bss                dns.o
    0x200251fc        -       0x00000018   Zero   RW        10642    .bss                ip.o
    0x20025214        -       0x00002813   Zero   RW        10672    .bss                mem.o
    0x20027a27        -       0x00003c6e   Zero   RW        10731    .bss                memp.o
    0x2002b695   COMPRESSED   0x00000003   PAD
    0x2002b698        -       0x00000010   Zero   RW        11494    .bss                tcp_in.o
    0x2002b6a8        -       0x00000118   Zero   RW        13016    .bss                packet.o
    0x2002b7c0        -       0x00000028   Zero   RW        13611    .bss                lwm2mclient.o
    0x2002b7e8        -       0x00000018   Zero   RW        17158    .bss                mc_w.l(signal.o)


==============================================================================

Image component sizes


      Code (inc. data)   RO Data    RW Data    ZI Data      Debug   Object Name

      3730       2034          0          0          0      37081   api_lib.o
      8202       3096          0          1          0      39635   api_msg.o
       286          8          0          0          0      24576   block1.o
       196         12          0          0          0       2745   bsp_debug_usart.o
       158         20          0          0          0       3686   bsp_key.o
       128         10          0          0          0        706   bsp_led.o
         0          0          0          0          0      10180   cmsis_liteos.o
       292         36          0          0          0       2728   commandline.o
       652         94          0          0          0      21851   connection.o
      3324        962        356          0          0      17980   data.o
       108          0          0          0          0       2258   def.o
      4996       1820        140         16          0      25518   dhcp.o
      2376        140         19          0          0      12001   discover.o
      2802        378          0         12       1152      18463   dns.o
        48         14          0          4          0       3668   dwt.o
      3664        118          0          8          0      50925   er-coap-13.o
        32          6         68          0          0       1391   err.o
      3808       1256         65          1        240      12879   etharp.o
       468        160         12          0          0       2938   ethernet.o
       940        220          0          4          0      12145   ethernetif.o
       964        364          0          0          0       4958   icmp.o
       176          0          0          0          0       2322   inet_chksum.o
       176        104         65          0          0        640   init.o
         0          0          0          0         24       3150   ip.o
      1114        194          0          2          0       5596   ip4.o
       782        128          8          0          0       9934   ip4_addr.o
      3342       1128          0          6          0      12946   ip4_frag.o
       544         34          0          6        188       3840   lan8742a.o
      1466        342        177          0          0      12302   liblwm2m.o
       232          4          0          0          0       9468   list.o
       232         24          0          0          0        404   los_dispatch_keil.o
        68         10          0          4          0       2534   los_err.o
       810        102          0          8          0       6501   los_heap.o
       400         20          0          0          0       3174   los_hw.o
       196         40          0          0          0      30589   los_hw_tick.o
       436         90         20       1028       1024      37039   los_hwi.o
       362        120          0          0     131072       3691   los_init.o
       222          4          0          0          0       3885   los_memory.o
        28          0          0          0          0        668   los_misc.o
       116         16          0         12          0      11976   los_mux.o
       232         24          0          4          0       6370   los_priqueue.o
      1224        110          0         12          0      20748   los_queue.o
      1072        244          0         12          0       8770   los_sem.o
       410          0          0          0          0       7054   los_slab.o
       460         46          0          0          0       4906   los_slabmem.o
        44         22          0          0          0        316   los_startup_keil.o
       620        118          0         16          0      10053   los_swtmr.o
        52          6          0          0          0       1229   los_sys.o
      2522        342          0         72          0      26266   los_task.o
        40          6          0         20          0        995   los_tick.o
        92         16          0          8          0       1429   los_timeslice.o
      3456       1376         65         20         40      16414   lwm2mclient.o
       664        182          0         24         56     373501   main.o
      2234        498         17          0          0       3799   management.o
      2244       1032          0         16      10259       5861   mem.o
       812        528        224         56      15470      11654   memp.o
       120         14          0          0          0       1296   misc.o
       416        238          0          0          0      10971   netbuf.o
       576        176          0          0          0      12697   netdb.o
       572        142          0          9          0      10691   netif.o
      1326         30          8          0          0      13089   object_access_control.o
       764        114         22          0          0       6925   object_connectivity_moni.o
       684         28         12          0          0       8280   object_connectivity_stat.o
      1786        236         62          0          0      11941   object_device.o
       606         54          0          0          0       6713   object_firmware.o
       636         40         14          0          0       6648   object_location.o
       710         30         26          0          0       7195   object_security.o
      1372         96         34          0          0      11746   object_server.o
      4194        626        287          0          0      20525   objects.o
      5886       1290        372          0          0      14737   observe.o
      1940        488        370          0        280       6729   packet.o
      5104       2308          0          0          0      19094   pbuf.o
       132         10          0          0          0       3654   platform.o
      1350        218          0          0          0      10153   platform_object.o
      4484       1888        172          0          0      13920   registration.o
      5378       1250          0         12         80      33909   sockets.o
      2314        156          0         16      15572      17954   stm32f429_eth.o
       240          0          0          0          0       4299   stm32f4xx_gpio.o
         0          0          0          0          0       1220   stm32f4xx_it.o
       360         42          0         16          0       6068   stm32f4xx_rcc.o
        12          6          0          0          0        638   stm32f4xx_rng.o
        12          6          0          0          0        702   stm32f4xx_syscfg.o
       214         28          0          0          0       4450   stm32f4xx_tim.o
       288          8          0          0          0       4618   stm32f4xx_usart.o
      1400        262          0          0          0      15102   sys_arch.o
         4          0          0          0          0       1808   system_api.o
       392         32          0         20          0       1965   system_stm32f4xx.o
      7156       2732        197         32          0      41379   tcp.o
      6824       1364          0         40         16      20099   tcp_in.o
      6146       1854         85          0          0      27110   tcp_out.o
      1160        616          0         16          0       8161   tcpip.o
      1354        220         68          0          0      10313   test_object.o
       844        260         48         12          0       7880   timeouts.o
      2240        222         41          0          0      11327   tlv.o
      1542        290        113          0          0       9297   transaction.o
      1590        318          0          8          0      15368   udp.o
      1756        306         42          0          0       6320   uri_1.o
      1846        114          0         64          0      12427   utils.o

    ----------------------------------------------------------------------
    139896      35770       3290       1632     176500    1427754   Object Totals
         0          0         48          0       1024          0   (incl. Generated)
       112          0         33         15          3          0   (incl. Padding)

    ----------------------------------------------------------------------

      Code (inc. data)   RO Data    RW Data    ZI Data      Debug   Library Member Name

        86          0          0          0          0          0   __dczerorl2.o
        28          0          0          0          0         68   _chval.o
       158          0          0          0          0         92   _strtoul.o
        26          0          0          0          0         80   atoi.o
         8          4        133          0          0         68   ctype_o.o
         0          0          0          0          0          0   entry.o
         0          0          0          0          0          0   entry10a.o
         0          0          0          0          0          0   entry11a.o
         8          4          0          0          0          0   entry3.o
         4          0          0          0          0          0   entry5.o
         0          0          0          0          0          0   entry7b.o
         0          0          0          0          0          0   entry8b.o
         8          4          0          0          0          0   entry9a.o
         8          4          0          4          0         68   errno.o
        30          0          0          0          0          0   handlers.o
        36          8          0          0          0         68   init.o
         0          0          0          0          0          0   iusefp.o
        98          0          0          0          0         84   ldiv.o
        30          0          0          0          0         68   llshl.o
        36          0          0          0          0         68   llsshr.o
        32          0          0          0          0         68   llushr.o
        80          4          0          0          0         76   malloc1.o
        26          0          0          0          0         80   memcmp.o
        66          0          0          0          0         76   memmove.o
        36          0          0          0          0        108   memseta.o
         0          0          0          4          0          0   mvars.o
      2360        106          0          0          0        768   printfa.o
        36         10          0          4          0        136   rand.o
        64          6          0          0         24        144   signal.o
         0          0          0          4          0          0   stderr.o
         0          0          0          4          0          0   stdout.o
        18          0          0          0          0         68   strcpy.o
       228        196          0          0          0         68   strerror.o
        14          0          0          0          0         68   strlen.o
        30          0          0          0          0         80   strncmp.o
        24          0          0          0          0         76   strncpy.o
        32          0          0          0          0         68   strrchr.o
       112          0          0          0          0         88   strtol.o
        44          0          0          0          0         80   uidiv.o
        98          0          0          0          0         92   uldiv.o
        48          0          0          0          0         68   cdcmple.o
        48          0          0          0          0         68   cdrcmple.o
        56          0          0          0          0         88   d2f.o
       334          0          0          0          0        148   dadd.o
       222          0          0          0          0        100   ddiv.o
       186          0          0          0          0        176   depilogue.o
        74          0          0          0          0         80   dfixl.o
        50          0          0          0          0         76   dfixui.o
        48          0          0          0          0         68   dfixul.o
        34          0          0          0          0         76   dflti.o
        40          0          0          0          0         80   dfltl.o
        26          0          0          0          0         76   dfltui.o
       228          0          0          0          0         96   dmul.o
        38          0          0          0          0         68   f2d.o
       110          0          0          0          0        168   fepilogue.o

    ----------------------------------------------------------------------
      5412        346        134         20         24       4244   Library Totals
         6          0          1          0          0          0   (incl. Padding)

    ----------------------------------------------------------------------

      Code (inc. data)   RO Data    RW Data    ZI Data      Debug   Library Name

      3864        346        133         20         24       2808   mc_w.l
      1542          0          0          0          0       1436   mf_w.l

    ----------------------------------------------------------------------
      5412        346        134         20         24       4244   Library Totals

    ----------------------------------------------------------------------

==============================================================================


      Code (inc. data)   RO Data    RW Data    ZI Data      Debug   

    145308      36116       3424       1652     176524    1355938   Grand Totals
    145308      36116       3424        136     176524    1355938   ELF Image Totals (compressed)
    145308      36116       3424        136          0          0   ROM Totals

==============================================================================

    Total RO  Size (Code + RO Data)               148732 ( 145.25kB)
    Total RW  Size (RW Data + ZI Data)            178176 ( 174.00kB)
    Total ROM Size (Code + RO Data + RW Data)     148868 ( 145.38kB)

==============================================================================

